Archive member included to satisfy reference by file (symbol)

c:/progra~2/gnuarm~1/102021~1.07/bin/../lib/gcc/arm-none-eabi/10.3.1/../../../../arm-none-eabi/lib/thumb/v7-m/nofp\libg.a(lib_a-errno.o)
                              CMakeFiles/FirstTest.elf.dir/Core/Src/syscalls.c.obj (__errno)
c:/progra~2/gnuarm~1/102021~1.07/bin/../lib/gcc/arm-none-eabi/10.3.1/../../../../arm-none-eabi/lib/thumb/v7-m/nofp\libg.a(lib_a-exit.o)
                              c:/progra~2/gnuarm~1/102021~1.07/bin/../lib/gcc/arm-none-eabi/10.3.1/../../../../arm-none-eabi/lib/thumb/v7-m/nofp/crt0.o (exit)
c:/progra~2/gnuarm~1/102021~1.07/bin/../lib/gcc/arm-none-eabi/10.3.1/../../../../arm-none-eabi/lib/thumb/v7-m/nofp\libg.a(lib_a-impure.o)
                              c:/progra~2/gnuarm~1/102021~1.07/bin/../lib/gcc/arm-none-eabi/10.3.1/../../../../arm-none-eabi/lib/thumb/v7-m/nofp\libg.a(lib_a-exit.o) (_global_impure_ptr)
c:/progra~2/gnuarm~1/102021~1.07/bin/../lib/gcc/arm-none-eabi/10.3.1/../../../../arm-none-eabi/lib/thumb/v7-m/nofp\libg.a(lib_a-init.o)
                              c:/progra~2/gnuarm~1/102021~1.07/bin/../lib/gcc/arm-none-eabi/10.3.1/../../../../arm-none-eabi/lib/thumb/v7-m/nofp/crt0.o (__libc_init_array)
c:/progra~2/gnuarm~1/102021~1.07/bin/../lib/gcc/arm-none-eabi/10.3.1/../../../../arm-none-eabi/lib/thumb/v7-m/nofp\libg.a(lib_a-memset.o)
                              c:/progra~2/gnuarm~1/102021~1.07/bin/../lib/gcc/arm-none-eabi/10.3.1/../../../../arm-none-eabi/lib/thumb/v7-m/nofp/crt0.o (memset)
c:/progra~2/gnuarm~1/102021~1.07/bin/../lib/gcc/arm-none-eabi/10.3.1/../../../../arm-none-eabi/lib/thumb/v7-m/nofp\libg.a(lib_a-__call_atexit.o)
                              c:/progra~2/gnuarm~1/102021~1.07/bin/../lib/gcc/arm-none-eabi/10.3.1/../../../../arm-none-eabi/lib/thumb/v7-m/nofp\libg.a(lib_a-exit.o) (__call_exitprocs)
c:/progra~2/gnuarm~1/102021~1.07/bin/../lib/gcc/arm-none-eabi/10.3.1/../../../../arm-none-eabi/lib/thumb/v7-m/nofp\libg.a(lib_a-atexit.o)
                              c:/progra~2/gnuarm~1/102021~1.07/bin/../lib/gcc/arm-none-eabi/10.3.1/../../../../arm-none-eabi/lib/thumb/v7-m/nofp\libg.a(lib_a-__call_atexit.o) (atexit)
c:/progra~2/gnuarm~1/102021~1.07/bin/../lib/gcc/arm-none-eabi/10.3.1/../../../../arm-none-eabi/lib/thumb/v7-m/nofp\libg.a(lib_a-fini.o)
                              c:/progra~2/gnuarm~1/102021~1.07/bin/../lib/gcc/arm-none-eabi/10.3.1/../../../../arm-none-eabi/lib/thumb/v7-m/nofp\libg.a(lib_a-__call_atexit.o) (__libc_fini_array)
c:/progra~2/gnuarm~1/102021~1.07/bin/../lib/gcc/arm-none-eabi/10.3.1/../../../../arm-none-eabi/lib/thumb/v7-m/nofp\libg.a(lib_a-lock.o)
                              c:/progra~2/gnuarm~1/102021~1.07/bin/../lib/gcc/arm-none-eabi/10.3.1/../../../../arm-none-eabi/lib/thumb/v7-m/nofp\libg.a(lib_a-__call_atexit.o) (__retarget_lock_acquire_recursive)
c:/progra~2/gnuarm~1/102021~1.07/bin/../lib/gcc/arm-none-eabi/10.3.1/../../../../arm-none-eabi/lib/thumb/v7-m/nofp\libg.a(lib_a-__atexit.o)
                              c:/progra~2/gnuarm~1/102021~1.07/bin/../lib/gcc/arm-none-eabi/10.3.1/../../../../arm-none-eabi/lib/thumb/v7-m/nofp\libg.a(lib_a-atexit.o) (__register_exitproc)

Discarded input sections

 .text          0x00000000        0x0 c:/progra~2/gnuarm~1/102021~1.07/bin/../lib/gcc/arm-none-eabi/10.3.1/thumb/v7-m/nofp/crti.o
 .data          0x00000000        0x0 c:/progra~2/gnuarm~1/102021~1.07/bin/../lib/gcc/arm-none-eabi/10.3.1/thumb/v7-m/nofp/crti.o
 .bss           0x00000000        0x0 c:/progra~2/gnuarm~1/102021~1.07/bin/../lib/gcc/arm-none-eabi/10.3.1/thumb/v7-m/nofp/crti.o
 .data          0x00000000        0x4 c:/progra~2/gnuarm~1/102021~1.07/bin/../lib/gcc/arm-none-eabi/10.3.1/thumb/v7-m/nofp/crtbegin.o
 .rodata        0x00000000       0x24 c:/progra~2/gnuarm~1/102021~1.07/bin/../lib/gcc/arm-none-eabi/10.3.1/thumb/v7-m/nofp/crtbegin.o
 .text          0x00000000       0x7c c:/progra~2/gnuarm~1/102021~1.07/bin/../lib/gcc/arm-none-eabi/10.3.1/../../../../arm-none-eabi/lib/thumb/v7-m/nofp/crt0.o
 .data          0x00000000        0x0 c:/progra~2/gnuarm~1/102021~1.07/bin/../lib/gcc/arm-none-eabi/10.3.1/../../../../arm-none-eabi/lib/thumb/v7-m/nofp/crt0.o
 .bss           0x00000000        0x0 c:/progra~2/gnuarm~1/102021~1.07/bin/../lib/gcc/arm-none-eabi/10.3.1/../../../../arm-none-eabi/lib/thumb/v7-m/nofp/crt0.o
 .ARM.extab     0x00000000        0x0 c:/progra~2/gnuarm~1/102021~1.07/bin/../lib/gcc/arm-none-eabi/10.3.1/../../../../arm-none-eabi/lib/thumb/v7-m/nofp/crt0.o
 .ARM.exidx     0x00000000       0x10 c:/progra~2/gnuarm~1/102021~1.07/bin/../lib/gcc/arm-none-eabi/10.3.1/../../../../arm-none-eabi/lib/thumb/v7-m/nofp/crt0.o
 .ARM.attributes
                0x00000000       0x1b c:/progra~2/gnuarm~1/102021~1.07/bin/../lib/gcc/arm-none-eabi/10.3.1/../../../../arm-none-eabi/lib/thumb/v7-m/nofp/crt0.o
 .text          0x00000000        0x0 CMakeFiles/FirstTest.elf.dir/Core/Src/main.c.obj
 .data          0x00000000        0x0 CMakeFiles/FirstTest.elf.dir/Core/Src/main.c.obj
 .bss           0x00000000        0x0 CMakeFiles/FirstTest.elf.dir/Core/Src/main.c.obj
 .text          0x00000000        0x0 CMakeFiles/FirstTest.elf.dir/Core/Src/stm32f1xx_hal_msp.c.obj
 .data          0x00000000        0x0 CMakeFiles/FirstTest.elf.dir/Core/Src/stm32f1xx_hal_msp.c.obj
 .bss           0x00000000        0x0 CMakeFiles/FirstTest.elf.dir/Core/Src/stm32f1xx_hal_msp.c.obj
 .text          0x00000000        0x0 CMakeFiles/FirstTest.elf.dir/Core/Src/stm32f1xx_it.c.obj
 .data          0x00000000        0x0 CMakeFiles/FirstTest.elf.dir/Core/Src/stm32f1xx_it.c.obj
 .bss           0x00000000        0x0 CMakeFiles/FirstTest.elf.dir/Core/Src/stm32f1xx_it.c.obj
 .text          0x00000000        0x0 CMakeFiles/FirstTest.elf.dir/Core/Src/syscalls.c.obj
 .data          0x00000000        0x0 CMakeFiles/FirstTest.elf.dir/Core/Src/syscalls.c.obj
 .bss           0x00000000        0x0 CMakeFiles/FirstTest.elf.dir/Core/Src/syscalls.c.obj
 .text.initialise_monitor_handles
                0x00000000        0x2 CMakeFiles/FirstTest.elf.dir/Core/Src/syscalls.c.obj
 .text._getpid  0x00000000        0x4 CMakeFiles/FirstTest.elf.dir/Core/Src/syscalls.c.obj
 .text._kill    0x00000000       0x10 CMakeFiles/FirstTest.elf.dir/Core/Src/syscalls.c.obj
 .text._exit    0x00000000        0xc CMakeFiles/FirstTest.elf.dir/Core/Src/syscalls.c.obj
 .text._read    0x00000000       0x20 CMakeFiles/FirstTest.elf.dir/Core/Src/syscalls.c.obj
 .text._write   0x00000000       0x1c CMakeFiles/FirstTest.elf.dir/Core/Src/syscalls.c.obj
 .text._sbrk    0x00000000       0x3c CMakeFiles/FirstTest.elf.dir/Core/Src/syscalls.c.obj
 .text._close   0x00000000        0x6 CMakeFiles/FirstTest.elf.dir/Core/Src/syscalls.c.obj
 .text._fstat   0x00000000        0xa CMakeFiles/FirstTest.elf.dir/Core/Src/syscalls.c.obj
 .text._isatty  0x00000000        0x4 CMakeFiles/FirstTest.elf.dir/Core/Src/syscalls.c.obj
 .text._lseek   0x00000000        0x4 CMakeFiles/FirstTest.elf.dir/Core/Src/syscalls.c.obj
 .text._open    0x00000000        0xa CMakeFiles/FirstTest.elf.dir/Core/Src/syscalls.c.obj
 .text._wait    0x00000000       0x10 CMakeFiles/FirstTest.elf.dir/Core/Src/syscalls.c.obj
 .text._unlink  0x00000000       0x10 CMakeFiles/FirstTest.elf.dir/Core/Src/syscalls.c.obj
 .text._times   0x00000000        0x6 CMakeFiles/FirstTest.elf.dir/Core/Src/syscalls.c.obj
 .text._stat    0x00000000        0xa CMakeFiles/FirstTest.elf.dir/Core/Src/syscalls.c.obj
 .text._link    0x00000000       0x10 CMakeFiles/FirstTest.elf.dir/Core/Src/syscalls.c.obj
 .text._fork    0x00000000       0x10 CMakeFiles/FirstTest.elf.dir/Core/Src/syscalls.c.obj
 .text._execve  0x00000000       0x10 CMakeFiles/FirstTest.elf.dir/Core/Src/syscalls.c.obj
 .bss.__env     0x00000000        0x4 CMakeFiles/FirstTest.elf.dir/Core/Src/syscalls.c.obj
 .bss.heap_end.0
                0x00000000        0x4 CMakeFiles/FirstTest.elf.dir/Core/Src/syscalls.c.obj
 .data.environ  0x00000000        0x4 CMakeFiles/FirstTest.elf.dir/Core/Src/syscalls.c.obj
 .debug_info    0x00000000      0x835 CMakeFiles/FirstTest.elf.dir/Core/Src/syscalls.c.obj
 .debug_abbrev  0x00000000      0x1da CMakeFiles/FirstTest.elf.dir/Core/Src/syscalls.c.obj
 .debug_loc     0x00000000      0x436 CMakeFiles/FirstTest.elf.dir/Core/Src/syscalls.c.obj
 .debug_aranges
                0x00000000       0xb0 CMakeFiles/FirstTest.elf.dir/Core/Src/syscalls.c.obj
 .debug_ranges  0x00000000       0xa0 CMakeFiles/FirstTest.elf.dir/Core/Src/syscalls.c.obj
 .debug_line    0x00000000      0x459 CMakeFiles/FirstTest.elf.dir/Core/Src/syscalls.c.obj
 .debug_str     0x00000000      0x472 CMakeFiles/FirstTest.elf.dir/Core/Src/syscalls.c.obj
 .comment       0x00000000       0x4a CMakeFiles/FirstTest.elf.dir/Core/Src/syscalls.c.obj
 .debug_frame   0x00000000      0x1a8 CMakeFiles/FirstTest.elf.dir/Core/Src/syscalls.c.obj
 .ARM.attributes
                0x00000000       0x2d CMakeFiles/FirstTest.elf.dir/Core/Src/syscalls.c.obj
 .text          0x00000000        0x0 CMakeFiles/FirstTest.elf.dir/Core/Src/system_stm32f1xx.c.obj
 .data          0x00000000        0x0 CMakeFiles/FirstTest.elf.dir/Core/Src/system_stm32f1xx.c.obj
 .bss           0x00000000        0x0 CMakeFiles/FirstTest.elf.dir/Core/Src/system_stm32f1xx.c.obj
 .text.SystemCoreClockUpdate
                0x00000000       0x94 CMakeFiles/FirstTest.elf.dir/Core/Src/system_stm32f1xx.c.obj
 .rodata.APBPrescTable
                0x00000000        0x8 CMakeFiles/FirstTest.elf.dir/Core/Src/system_stm32f1xx.c.obj
 .text          0x00000000        0x0 CMakeFiles/FirstTest.elf.dir/Drivers/STM32F1xx_HAL_Driver/Src/stm32f1xx_hal.c.obj
 .data          0x00000000        0x0 CMakeFiles/FirstTest.elf.dir/Drivers/STM32F1xx_HAL_Driver/Src/stm32f1xx_hal.c.obj
 .bss           0x00000000        0x0 CMakeFiles/FirstTest.elf.dir/Drivers/STM32F1xx_HAL_Driver/Src/stm32f1xx_hal.c.obj
 .text.HAL_MspInit
                0x00000000        0x2 CMakeFiles/FirstTest.elf.dir/Drivers/STM32F1xx_HAL_Driver/Src/stm32f1xx_hal.c.obj
 .text.HAL_MspDeInit
                0x00000000        0x2 CMakeFiles/FirstTest.elf.dir/Drivers/STM32F1xx_HAL_Driver/Src/stm32f1xx_hal.c.obj
 .text.HAL_DeInit
                0x00000000       0x20 CMakeFiles/FirstTest.elf.dir/Drivers/STM32F1xx_HAL_Driver/Src/stm32f1xx_hal.c.obj
 .text.HAL_GetTickPrio
                0x00000000        0xc CMakeFiles/FirstTest.elf.dir/Drivers/STM32F1xx_HAL_Driver/Src/stm32f1xx_hal.c.obj
 .text.HAL_SetTickFreq
                0x00000000       0x2c CMakeFiles/FirstTest.elf.dir/Drivers/STM32F1xx_HAL_Driver/Src/stm32f1xx_hal.c.obj
 .text.HAL_GetTickFreq
                0x00000000        0xc CMakeFiles/FirstTest.elf.dir/Drivers/STM32F1xx_HAL_Driver/Src/stm32f1xx_hal.c.obj
 .text.HAL_Delay
                0x00000000       0x28 CMakeFiles/FirstTest.elf.dir/Drivers/STM32F1xx_HAL_Driver/Src/stm32f1xx_hal.c.obj
 .text.HAL_SuspendTick
                0x00000000        0xe CMakeFiles/FirstTest.elf.dir/Drivers/STM32F1xx_HAL_Driver/Src/stm32f1xx_hal.c.obj
 .text.HAL_ResumeTick
                0x00000000        0xe CMakeFiles/FirstTest.elf.dir/Drivers/STM32F1xx_HAL_Driver/Src/stm32f1xx_hal.c.obj
 .text.HAL_GetHalVersion
                0x00000000        0x8 CMakeFiles/FirstTest.elf.dir/Drivers/STM32F1xx_HAL_Driver/Src/stm32f1xx_hal.c.obj
 .text.HAL_GetREVID
                0x00000000        0xc CMakeFiles/FirstTest.elf.dir/Drivers/STM32F1xx_HAL_Driver/Src/stm32f1xx_hal.c.obj
 .text.HAL_GetDEVID
                0x00000000       0x10 CMakeFiles/FirstTest.elf.dir/Drivers/STM32F1xx_HAL_Driver/Src/stm32f1xx_hal.c.obj
 .text.HAL_GetUIDw0
                0x00000000        0xc CMakeFiles/FirstTest.elf.dir/Drivers/STM32F1xx_HAL_Driver/Src/stm32f1xx_hal.c.obj
 .text.HAL_GetUIDw1
                0x00000000        0xc CMakeFiles/FirstTest.elf.dir/Drivers/STM32F1xx_HAL_Driver/Src/stm32f1xx_hal.c.obj
 .text.HAL_GetUIDw2
                0x00000000        0xc CMakeFiles/FirstTest.elf.dir/Drivers/STM32F1xx_HAL_Driver/Src/stm32f1xx_hal.c.obj
 .text.HAL_DBGMCU_EnableDBGSleepMode
                0x00000000       0x10 CMakeFiles/FirstTest.elf.dir/Drivers/STM32F1xx_HAL_Driver/Src/stm32f1xx_hal.c.obj
 .text.HAL_DBGMCU_DisableDBGSleepMode
                0x00000000       0x10 CMakeFiles/FirstTest.elf.dir/Drivers/STM32F1xx_HAL_Driver/Src/stm32f1xx_hal.c.obj
 .text.HAL_DBGMCU_EnableDBGStopMode
                0x00000000       0x10 CMakeFiles/FirstTest.elf.dir/Drivers/STM32F1xx_HAL_Driver/Src/stm32f1xx_hal.c.obj
 .text.HAL_DBGMCU_DisableDBGStopMode
                0x00000000       0x10 CMakeFiles/FirstTest.elf.dir/Drivers/STM32F1xx_HAL_Driver/Src/stm32f1xx_hal.c.obj
 .text.HAL_DBGMCU_EnableDBGStandbyMode
                0x00000000       0x10 CMakeFiles/FirstTest.elf.dir/Drivers/STM32F1xx_HAL_Driver/Src/stm32f1xx_hal.c.obj
 .text.HAL_DBGMCU_DisableDBGStandbyMode
                0x00000000       0x10 CMakeFiles/FirstTest.elf.dir/Drivers/STM32F1xx_HAL_Driver/Src/stm32f1xx_hal.c.obj
 .text          0x00000000        0x0 CMakeFiles/FirstTest.elf.dir/Drivers/STM32F1xx_HAL_Driver/Src/stm32f1xx_hal_cortex.c.obj
 .data          0x00000000        0x0 CMakeFiles/FirstTest.elf.dir/Drivers/STM32F1xx_HAL_Driver/Src/stm32f1xx_hal_cortex.c.obj
 .bss           0x00000000        0x0 CMakeFiles/FirstTest.elf.dir/Drivers/STM32F1xx_HAL_Driver/Src/stm32f1xx_hal_cortex.c.obj
 .text.HAL_NVIC_EnableIRQ
                0x00000000       0x1c CMakeFiles/FirstTest.elf.dir/Drivers/STM32F1xx_HAL_Driver/Src/stm32f1xx_hal_cortex.c.obj
 .text.HAL_NVIC_DisableIRQ
                0x00000000       0x24 CMakeFiles/FirstTest.elf.dir/Drivers/STM32F1xx_HAL_Driver/Src/stm32f1xx_hal_cortex.c.obj
 .text.HAL_NVIC_SystemReset
                0x00000000       0x24 CMakeFiles/FirstTest.elf.dir/Drivers/STM32F1xx_HAL_Driver/Src/stm32f1xx_hal_cortex.c.obj
 .text.HAL_NVIC_GetPriorityGrouping
                0x00000000       0x10 CMakeFiles/FirstTest.elf.dir/Drivers/STM32F1xx_HAL_Driver/Src/stm32f1xx_hal_cortex.c.obj
 .text.HAL_NVIC_GetPriority
                0x00000000       0x60 CMakeFiles/FirstTest.elf.dir/Drivers/STM32F1xx_HAL_Driver/Src/stm32f1xx_hal_cortex.c.obj
 .text.HAL_NVIC_SetPendingIRQ
                0x00000000       0x1c CMakeFiles/FirstTest.elf.dir/Drivers/STM32F1xx_HAL_Driver/Src/stm32f1xx_hal_cortex.c.obj
 .text.HAL_NVIC_GetPendingIRQ
                0x00000000       0x24 CMakeFiles/FirstTest.elf.dir/Drivers/STM32F1xx_HAL_Driver/Src/stm32f1xx_hal_cortex.c.obj
 .text.HAL_NVIC_ClearPendingIRQ
                0x00000000       0x1c CMakeFiles/FirstTest.elf.dir/Drivers/STM32F1xx_HAL_Driver/Src/stm32f1xx_hal_cortex.c.obj
 .text.HAL_NVIC_GetActive
                0x00000000       0x24 CMakeFiles/FirstTest.elf.dir/Drivers/STM32F1xx_HAL_Driver/Src/stm32f1xx_hal_cortex.c.obj
 .text.HAL_SYSTICK_CLKSourceConfig
                0x00000000       0x20 CMakeFiles/FirstTest.elf.dir/Drivers/STM32F1xx_HAL_Driver/Src/stm32f1xx_hal_cortex.c.obj
 .text.HAL_SYSTICK_Callback
                0x00000000        0x2 CMakeFiles/FirstTest.elf.dir/Drivers/STM32F1xx_HAL_Driver/Src/stm32f1xx_hal_cortex.c.obj
 .text.HAL_SYSTICK_IRQHandler
                0x00000000        0x8 CMakeFiles/FirstTest.elf.dir/Drivers/STM32F1xx_HAL_Driver/Src/stm32f1xx_hal_cortex.c.obj
 .text          0x00000000        0x0 CMakeFiles/FirstTest.elf.dir/Drivers/STM32F1xx_HAL_Driver/Src/stm32f1xx_hal_dma.c.obj
 .data          0x00000000        0x0 CMakeFiles/FirstTest.elf.dir/Drivers/STM32F1xx_HAL_Driver/Src/stm32f1xx_hal_dma.c.obj
 .bss           0x00000000        0x0 CMakeFiles/FirstTest.elf.dir/Drivers/STM32F1xx_HAL_Driver/Src/stm32f1xx_hal_dma.c.obj
 .text.DMA_SetConfig
                0x00000000       0x2c CMakeFiles/FirstTest.elf.dir/Drivers/STM32F1xx_HAL_Driver/Src/stm32f1xx_hal_dma.c.obj
 .text.HAL_DMA_Init
                0x00000000       0x98 CMakeFiles/FirstTest.elf.dir/Drivers/STM32F1xx_HAL_Driver/Src/stm32f1xx_hal_dma.c.obj
 .text.HAL_DMA_DeInit
                0x00000000       0x90 CMakeFiles/FirstTest.elf.dir/Drivers/STM32F1xx_HAL_Driver/Src/stm32f1xx_hal_dma.c.obj
 .text.HAL_DMA_Start
                0x00000000       0x50 CMakeFiles/FirstTest.elf.dir/Drivers/STM32F1xx_HAL_Driver/Src/stm32f1xx_hal_dma.c.obj
 .text.HAL_DMA_Start_IT
                0x00000000       0x74 CMakeFiles/FirstTest.elf.dir/Drivers/STM32F1xx_HAL_Driver/Src/stm32f1xx_hal_dma.c.obj
 .text.HAL_DMA_Abort
                0x00000000       0x44 CMakeFiles/FirstTest.elf.dir/Drivers/STM32F1xx_HAL_Driver/Src/stm32f1xx_hal_dma.c.obj
 .text.HAL_DMA_Abort_IT
                0x00000000      0x168 CMakeFiles/FirstTest.elf.dir/Drivers/STM32F1xx_HAL_Driver/Src/stm32f1xx_hal_dma.c.obj
 .text.HAL_DMA_PollForTransfer
                0x00000000      0x548 CMakeFiles/FirstTest.elf.dir/Drivers/STM32F1xx_HAL_Driver/Src/stm32f1xx_hal_dma.c.obj
 .text.HAL_DMA_IRQHandler
                0x00000000      0x2ec CMakeFiles/FirstTest.elf.dir/Drivers/STM32F1xx_HAL_Driver/Src/stm32f1xx_hal_dma.c.obj
 .text.HAL_DMA_RegisterCallback
                0x00000000       0x4a CMakeFiles/FirstTest.elf.dir/Drivers/STM32F1xx_HAL_Driver/Src/stm32f1xx_hal_dma.c.obj
 .text.HAL_DMA_UnRegisterCallback
                0x00000000       0x5a CMakeFiles/FirstTest.elf.dir/Drivers/STM32F1xx_HAL_Driver/Src/stm32f1xx_hal_dma.c.obj
 .text.HAL_DMA_GetState
                0x00000000        0x6 CMakeFiles/FirstTest.elf.dir/Drivers/STM32F1xx_HAL_Driver/Src/stm32f1xx_hal_dma.c.obj
 .text.HAL_DMA_GetError
                0x00000000        0x4 CMakeFiles/FirstTest.elf.dir/Drivers/STM32F1xx_HAL_Driver/Src/stm32f1xx_hal_dma.c.obj
 .debug_info    0x00000000      0x846 CMakeFiles/FirstTest.elf.dir/Drivers/STM32F1xx_HAL_Driver/Src/stm32f1xx_hal_dma.c.obj
 .debug_abbrev  0x00000000      0x223 CMakeFiles/FirstTest.elf.dir/Drivers/STM32F1xx_HAL_Driver/Src/stm32f1xx_hal_dma.c.obj
 .debug_loc     0x00000000      0x7ce CMakeFiles/FirstTest.elf.dir/Drivers/STM32F1xx_HAL_Driver/Src/stm32f1xx_hal_dma.c.obj
 .debug_aranges
                0x00000000       0x80 CMakeFiles/FirstTest.elf.dir/Drivers/STM32F1xx_HAL_Driver/Src/stm32f1xx_hal_dma.c.obj
 .debug_ranges  0x00000000       0x70 CMakeFiles/FirstTest.elf.dir/Drivers/STM32F1xx_HAL_Driver/Src/stm32f1xx_hal_dma.c.obj
 .debug_line    0x00000000      0xd32 CMakeFiles/FirstTest.elf.dir/Drivers/STM32F1xx_HAL_Driver/Src/stm32f1xx_hal_dma.c.obj
 .debug_str     0x00000000      0x64f CMakeFiles/FirstTest.elf.dir/Drivers/STM32F1xx_HAL_Driver/Src/stm32f1xx_hal_dma.c.obj
 .comment       0x00000000       0x4a CMakeFiles/FirstTest.elf.dir/Drivers/STM32F1xx_HAL_Driver/Src/stm32f1xx_hal_dma.c.obj
 .debug_frame   0x00000000      0x140 CMakeFiles/FirstTest.elf.dir/Drivers/STM32F1xx_HAL_Driver/Src/stm32f1xx_hal_dma.c.obj
 .ARM.attributes
                0x00000000       0x2d CMakeFiles/FirstTest.elf.dir/Drivers/STM32F1xx_HAL_Driver/Src/stm32f1xx_hal_dma.c.obj
 .text          0x00000000        0x0 CMakeFiles/FirstTest.elf.dir/Drivers/STM32F1xx_HAL_Driver/Src/stm32f1xx_hal_exti.c.obj
 .data          0x00000000        0x0 CMakeFiles/FirstTest.elf.dir/Drivers/STM32F1xx_HAL_Driver/Src/stm32f1xx_hal_exti.c.obj
 .bss           0x00000000        0x0 CMakeFiles/FirstTest.elf.dir/Drivers/STM32F1xx_HAL_Driver/Src/stm32f1xx_hal_exti.c.obj
 .text.HAL_EXTI_SetConfigLine
                0x00000000       0xd8 CMakeFiles/FirstTest.elf.dir/Drivers/STM32F1xx_HAL_Driver/Src/stm32f1xx_hal_exti.c.obj
 .text.HAL_EXTI_GetConfigLine
                0x00000000       0xac CMakeFiles/FirstTest.elf.dir/Drivers/STM32F1xx_HAL_Driver/Src/stm32f1xx_hal_exti.c.obj
 .text.HAL_EXTI_ClearConfigLine
                0x00000000       0x88 CMakeFiles/FirstTest.elf.dir/Drivers/STM32F1xx_HAL_Driver/Src/stm32f1xx_hal_exti.c.obj
 .text.HAL_EXTI_RegisterCallback
                0x00000000        0xe CMakeFiles/FirstTest.elf.dir/Drivers/STM32F1xx_HAL_Driver/Src/stm32f1xx_hal_exti.c.obj
 .text.HAL_EXTI_GetHandle
                0x00000000        0xc CMakeFiles/FirstTest.elf.dir/Drivers/STM32F1xx_HAL_Driver/Src/stm32f1xx_hal_exti.c.obj
 .text.HAL_EXTI_IRQHandler
                0x00000000       0x24 CMakeFiles/FirstTest.elf.dir/Drivers/STM32F1xx_HAL_Driver/Src/stm32f1xx_hal_exti.c.obj
 .text.HAL_EXTI_GetPending
                0x00000000       0x1c CMakeFiles/FirstTest.elf.dir/Drivers/STM32F1xx_HAL_Driver/Src/stm32f1xx_hal_exti.c.obj
 .text.HAL_EXTI_ClearPending
                0x00000000       0x14 CMakeFiles/FirstTest.elf.dir/Drivers/STM32F1xx_HAL_Driver/Src/stm32f1xx_hal_exti.c.obj
 .text.HAL_EXTI_GenerateSWI
                0x00000000       0x14 CMakeFiles/FirstTest.elf.dir/Drivers/STM32F1xx_HAL_Driver/Src/stm32f1xx_hal_exti.c.obj
 .debug_info    0x00000000      0x5b4 CMakeFiles/FirstTest.elf.dir/Drivers/STM32F1xx_HAL_Driver/Src/stm32f1xx_hal_exti.c.obj
 .debug_abbrev  0x00000000      0x1e0 CMakeFiles/FirstTest.elf.dir/Drivers/STM32F1xx_HAL_Driver/Src/stm32f1xx_hal_exti.c.obj
 .debug_loc     0x00000000      0x45f CMakeFiles/FirstTest.elf.dir/Drivers/STM32F1xx_HAL_Driver/Src/stm32f1xx_hal_exti.c.obj
 .debug_aranges
                0x00000000       0x60 CMakeFiles/FirstTest.elf.dir/Drivers/STM32F1xx_HAL_Driver/Src/stm32f1xx_hal_exti.c.obj
 .debug_ranges  0x00000000       0x50 CMakeFiles/FirstTest.elf.dir/Drivers/STM32F1xx_HAL_Driver/Src/stm32f1xx_hal_exti.c.obj
 .debug_line    0x00000000      0x632 CMakeFiles/FirstTest.elf.dir/Drivers/STM32F1xx_HAL_Driver/Src/stm32f1xx_hal_exti.c.obj
 .debug_str     0x00000000      0x428 CMakeFiles/FirstTest.elf.dir/Drivers/STM32F1xx_HAL_Driver/Src/stm32f1xx_hal_exti.c.obj
 .comment       0x00000000       0x4a CMakeFiles/FirstTest.elf.dir/Drivers/STM32F1xx_HAL_Driver/Src/stm32f1xx_hal_exti.c.obj
 .debug_frame   0x00000000       0xd4 CMakeFiles/FirstTest.elf.dir/Drivers/STM32F1xx_HAL_Driver/Src/stm32f1xx_hal_exti.c.obj
 .ARM.attributes
                0x00000000       0x2d CMakeFiles/FirstTest.elf.dir/Drivers/STM32F1xx_HAL_Driver/Src/stm32f1xx_hal_exti.c.obj
 .text          0x00000000        0x0 CMakeFiles/FirstTest.elf.dir/Drivers/STM32F1xx_HAL_Driver/Src/stm32f1xx_hal_flash.c.obj
 .data          0x00000000        0x0 CMakeFiles/FirstTest.elf.dir/Drivers/STM32F1xx_HAL_Driver/Src/stm32f1xx_hal_flash.c.obj
 .bss           0x00000000        0x0 CMakeFiles/FirstTest.elf.dir/Drivers/STM32F1xx_HAL_Driver/Src/stm32f1xx_hal_flash.c.obj
 .text.FLASH_Program_HalfWord
                0x00000000       0x1c CMakeFiles/FirstTest.elf.dir/Drivers/STM32F1xx_HAL_Driver/Src/stm32f1xx_hal_flash.c.obj
 .text.FLASH_SetErrorCode
                0x00000000       0x70 CMakeFiles/FirstTest.elf.dir/Drivers/STM32F1xx_HAL_Driver/Src/stm32f1xx_hal_flash.c.obj
 .text.HAL_FLASH_Program_IT
                0x00000000       0x6c CMakeFiles/FirstTest.elf.dir/Drivers/STM32F1xx_HAL_Driver/Src/stm32f1xx_hal_flash.c.obj
 .text.HAL_FLASH_EndOfOperationCallback
                0x00000000        0x2 CMakeFiles/FirstTest.elf.dir/Drivers/STM32F1xx_HAL_Driver/Src/stm32f1xx_hal_flash.c.obj
 .text.HAL_FLASH_OperationErrorCallback
                0x00000000        0x2 CMakeFiles/FirstTest.elf.dir/Drivers/STM32F1xx_HAL_Driver/Src/stm32f1xx_hal_flash.c.obj
 .text.HAL_FLASH_IRQHandler
                0x00000000      0x154 CMakeFiles/FirstTest.elf.dir/Drivers/STM32F1xx_HAL_Driver/Src/stm32f1xx_hal_flash.c.obj
 .text.HAL_FLASH_Unlock
                0x00000000       0x34 CMakeFiles/FirstTest.elf.dir/Drivers/STM32F1xx_HAL_Driver/Src/stm32f1xx_hal_flash.c.obj
 .text.HAL_FLASH_Lock
                0x00000000       0x14 CMakeFiles/FirstTest.elf.dir/Drivers/STM32F1xx_HAL_Driver/Src/stm32f1xx_hal_flash.c.obj
 .text.HAL_FLASH_OB_Unlock
                0x00000000       0x28 CMakeFiles/FirstTest.elf.dir/Drivers/STM32F1xx_HAL_Driver/Src/stm32f1xx_hal_flash.c.obj
 .text.HAL_FLASH_OB_Lock
                0x00000000       0x14 CMakeFiles/FirstTest.elf.dir/Drivers/STM32F1xx_HAL_Driver/Src/stm32f1xx_hal_flash.c.obj
 .text.HAL_FLASH_OB_Launch
                0x00000000        0x8 CMakeFiles/FirstTest.elf.dir/Drivers/STM32F1xx_HAL_Driver/Src/stm32f1xx_hal_flash.c.obj
 .text.HAL_FLASH_GetError
                0x00000000        0xc CMakeFiles/FirstTest.elf.dir/Drivers/STM32F1xx_HAL_Driver/Src/stm32f1xx_hal_flash.c.obj
 .text.FLASH_WaitForLastOperation
                0x00000000       0x68 CMakeFiles/FirstTest.elf.dir/Drivers/STM32F1xx_HAL_Driver/Src/stm32f1xx_hal_flash.c.obj
 .text.HAL_FLASH_Program
                0x00000000       0xa0 CMakeFiles/FirstTest.elf.dir/Drivers/STM32F1xx_HAL_Driver/Src/stm32f1xx_hal_flash.c.obj
 .bss.pFlash    0x00000000       0x20 CMakeFiles/FirstTest.elf.dir/Drivers/STM32F1xx_HAL_Driver/Src/stm32f1xx_hal_flash.c.obj
 .debug_info    0x00000000      0x698 CMakeFiles/FirstTest.elf.dir/Drivers/STM32F1xx_HAL_Driver/Src/stm32f1xx_hal_flash.c.obj
 .debug_abbrev  0x00000000      0x22d CMakeFiles/FirstTest.elf.dir/Drivers/STM32F1xx_HAL_Driver/Src/stm32f1xx_hal_flash.c.obj
 .debug_loc     0x00000000      0x3a2 CMakeFiles/FirstTest.elf.dir/Drivers/STM32F1xx_HAL_Driver/Src/stm32f1xx_hal_flash.c.obj
 .debug_aranges
                0x00000000       0x88 CMakeFiles/FirstTest.elf.dir/Drivers/STM32F1xx_HAL_Driver/Src/stm32f1xx_hal_flash.c.obj
 .debug_ranges  0x00000000       0x78 CMakeFiles/FirstTest.elf.dir/Drivers/STM32F1xx_HAL_Driver/Src/stm32f1xx_hal_flash.c.obj
 .debug_line    0x00000000      0x7cf CMakeFiles/FirstTest.elf.dir/Drivers/STM32F1xx_HAL_Driver/Src/stm32f1xx_hal_flash.c.obj
 .debug_str     0x00000000      0x581 CMakeFiles/FirstTest.elf.dir/Drivers/STM32F1xx_HAL_Driver/Src/stm32f1xx_hal_flash.c.obj
 .comment       0x00000000       0x4a CMakeFiles/FirstTest.elf.dir/Drivers/STM32F1xx_HAL_Driver/Src/stm32f1xx_hal_flash.c.obj
 .debug_frame   0x00000000      0x134 CMakeFiles/FirstTest.elf.dir/Drivers/STM32F1xx_HAL_Driver/Src/stm32f1xx_hal_flash.c.obj
 .ARM.attributes
                0x00000000       0x2d CMakeFiles/FirstTest.elf.dir/Drivers/STM32F1xx_HAL_Driver/Src/stm32f1xx_hal_flash.c.obj
 .text          0x00000000        0x0 CMakeFiles/FirstTest.elf.dir/Drivers/STM32F1xx_HAL_Driver/Src/stm32f1xx_hal_flash_ex.c.obj
 .data          0x00000000        0x0 CMakeFiles/FirstTest.elf.dir/Drivers/STM32F1xx_HAL_Driver/Src/stm32f1xx_hal_flash_ex.c.obj
 .bss           0x00000000        0x0 CMakeFiles/FirstTest.elf.dir/Drivers/STM32F1xx_HAL_Driver/Src/stm32f1xx_hal_flash_ex.c.obj
 .text.FLASH_MassErase
                0x00000000       0x24 CMakeFiles/FirstTest.elf.dir/Drivers/STM32F1xx_HAL_Driver/Src/stm32f1xx_hal_flash_ex.c.obj
 .text.FLASH_OB_GetWRP
                0x00000000        0xc CMakeFiles/FirstTest.elf.dir/Drivers/STM32F1xx_HAL_Driver/Src/stm32f1xx_hal_flash_ex.c.obj
 .text.FLASH_OB_GetRDP
                0x00000000       0x18 CMakeFiles/FirstTest.elf.dir/Drivers/STM32F1xx_HAL_Driver/Src/stm32f1xx_hal_flash_ex.c.obj
 .text.FLASH_OB_GetUser
                0x00000000       0x10 CMakeFiles/FirstTest.elf.dir/Drivers/STM32F1xx_HAL_Driver/Src/stm32f1xx_hal_flash_ex.c.obj
 .text.FLASH_OB_RDP_LevelConfig
                0x00000000       0x68 CMakeFiles/FirstTest.elf.dir/Drivers/STM32F1xx_HAL_Driver/Src/stm32f1xx_hal_flash_ex.c.obj
 .text.FLASH_OB_UserConfig
                0x00000000       0x48 CMakeFiles/FirstTest.elf.dir/Drivers/STM32F1xx_HAL_Driver/Src/stm32f1xx_hal_flash_ex.c.obj
 .text.FLASH_OB_ProgramData
                0x00000000       0x40 CMakeFiles/FirstTest.elf.dir/Drivers/STM32F1xx_HAL_Driver/Src/stm32f1xx_hal_flash_ex.c.obj
 .text.HAL_FLASHEx_OBErase
                0x00000000       0x50 CMakeFiles/FirstTest.elf.dir/Drivers/STM32F1xx_HAL_Driver/Src/stm32f1xx_hal_flash_ex.c.obj
 .text.FLASH_OB_EnableWRP
                0x00000000       0xc0 CMakeFiles/FirstTest.elf.dir/Drivers/STM32F1xx_HAL_Driver/Src/stm32f1xx_hal_flash_ex.c.obj
 .text.FLASH_OB_DisableWRP
                0x00000000       0xc8 CMakeFiles/FirstTest.elf.dir/Drivers/STM32F1xx_HAL_Driver/Src/stm32f1xx_hal_flash_ex.c.obj
 .text.HAL_FLASHEx_OBProgram
                0x00000000       0x9c CMakeFiles/FirstTest.elf.dir/Drivers/STM32F1xx_HAL_Driver/Src/stm32f1xx_hal_flash_ex.c.obj
 .text.HAL_FLASHEx_OBGetConfig
                0x00000000       0x1c CMakeFiles/FirstTest.elf.dir/Drivers/STM32F1xx_HAL_Driver/Src/stm32f1xx_hal_flash_ex.c.obj
 .text.HAL_FLASHEx_OBGetUserData
                0x00000000       0x24 CMakeFiles/FirstTest.elf.dir/Drivers/STM32F1xx_HAL_Driver/Src/stm32f1xx_hal_flash_ex.c.obj
 .text.FLASH_PageErase
                0x00000000       0x24 CMakeFiles/FirstTest.elf.dir/Drivers/STM32F1xx_HAL_Driver/Src/stm32f1xx_hal_flash_ex.c.obj
 .text.HAL_FLASHEx_Erase
                0x00000000       0xa4 CMakeFiles/FirstTest.elf.dir/Drivers/STM32F1xx_HAL_Driver/Src/stm32f1xx_hal_flash_ex.c.obj
 .text.HAL_FLASHEx_Erase_IT
                0x00000000       0x60 CMakeFiles/FirstTest.elf.dir/Drivers/STM32F1xx_HAL_Driver/Src/stm32f1xx_hal_flash_ex.c.obj
 .debug_info    0x00000000      0xafa CMakeFiles/FirstTest.elf.dir/Drivers/STM32F1xx_HAL_Driver/Src/stm32f1xx_hal_flash_ex.c.obj
 .debug_abbrev  0x00000000      0x234 CMakeFiles/FirstTest.elf.dir/Drivers/STM32F1xx_HAL_Driver/Src/stm32f1xx_hal_flash_ex.c.obj
 .debug_loc     0x00000000      0x87f CMakeFiles/FirstTest.elf.dir/Drivers/STM32F1xx_HAL_Driver/Src/stm32f1xx_hal_flash_ex.c.obj
 .debug_aranges
                0x00000000       0x98 CMakeFiles/FirstTest.elf.dir/Drivers/STM32F1xx_HAL_Driver/Src/stm32f1xx_hal_flash_ex.c.obj
 .debug_ranges  0x00000000       0x88 CMakeFiles/FirstTest.elf.dir/Drivers/STM32F1xx_HAL_Driver/Src/stm32f1xx_hal_flash_ex.c.obj
 .debug_line    0x00000000      0x963 CMakeFiles/FirstTest.elf.dir/Drivers/STM32F1xx_HAL_Driver/Src/stm32f1xx_hal_flash_ex.c.obj
 .debug_str     0x00000000      0x697 CMakeFiles/FirstTest.elf.dir/Drivers/STM32F1xx_HAL_Driver/Src/stm32f1xx_hal_flash_ex.c.obj
 .comment       0x00000000       0x4a CMakeFiles/FirstTest.elf.dir/Drivers/STM32F1xx_HAL_Driver/Src/stm32f1xx_hal_flash_ex.c.obj
 .debug_frame   0x00000000      0x194 CMakeFiles/FirstTest.elf.dir/Drivers/STM32F1xx_HAL_Driver/Src/stm32f1xx_hal_flash_ex.c.obj
 .ARM.attributes
                0x00000000       0x2d CMakeFiles/FirstTest.elf.dir/Drivers/STM32F1xx_HAL_Driver/Src/stm32f1xx_hal_flash_ex.c.obj
 .text          0x00000000        0x0 CMakeFiles/FirstTest.elf.dir/Drivers/STM32F1xx_HAL_Driver/Src/stm32f1xx_hal_gpio.c.obj
 .data          0x00000000        0x0 CMakeFiles/FirstTest.elf.dir/Drivers/STM32F1xx_HAL_Driver/Src/stm32f1xx_hal_gpio.c.obj
 .bss           0x00000000        0x0 CMakeFiles/FirstTest.elf.dir/Drivers/STM32F1xx_HAL_Driver/Src/stm32f1xx_hal_gpio.c.obj
 .text.HAL_GPIO_Init
                0x00000000      0x240 CMakeFiles/FirstTest.elf.dir/Drivers/STM32F1xx_HAL_Driver/Src/stm32f1xx_hal_gpio.c.obj
 .text.HAL_GPIO_DeInit
                0x00000000      0x118 CMakeFiles/FirstTest.elf.dir/Drivers/STM32F1xx_HAL_Driver/Src/stm32f1xx_hal_gpio.c.obj
 .text.HAL_GPIO_ReadPin
                0x00000000        0xe CMakeFiles/FirstTest.elf.dir/Drivers/STM32F1xx_HAL_Driver/Src/stm32f1xx_hal_gpio.c.obj
 .text.HAL_GPIO_TogglePin
                0x00000000       0x12 CMakeFiles/FirstTest.elf.dir/Drivers/STM32F1xx_HAL_Driver/Src/stm32f1xx_hal_gpio.c.obj
 .text.HAL_GPIO_LockPin
                0x00000000       0x2e CMakeFiles/FirstTest.elf.dir/Drivers/STM32F1xx_HAL_Driver/Src/stm32f1xx_hal_gpio.c.obj
 .text.HAL_GPIO_EXTI_Callback
                0x00000000        0x2 CMakeFiles/FirstTest.elf.dir/Drivers/STM32F1xx_HAL_Driver/Src/stm32f1xx_hal_gpio.c.obj
 .text.HAL_GPIO_EXTI_IRQHandler
                0x00000000       0x1c CMakeFiles/FirstTest.elf.dir/Drivers/STM32F1xx_HAL_Driver/Src/stm32f1xx_hal_gpio.c.obj
 .text          0x00000000        0x0 CMakeFiles/FirstTest.elf.dir/Drivers/STM32F1xx_HAL_Driver/Src/stm32f1xx_hal_gpio_ex.c.obj
 .data          0x00000000        0x0 CMakeFiles/FirstTest.elf.dir/Drivers/STM32F1xx_HAL_Driver/Src/stm32f1xx_hal_gpio_ex.c.obj
 .bss           0x00000000        0x0 CMakeFiles/FirstTest.elf.dir/Drivers/STM32F1xx_HAL_Driver/Src/stm32f1xx_hal_gpio_ex.c.obj
 .text.HAL_GPIOEx_ConfigEventout
                0x00000000       0x14 CMakeFiles/FirstTest.elf.dir/Drivers/STM32F1xx_HAL_Driver/Src/stm32f1xx_hal_gpio_ex.c.obj
 .text.HAL_GPIOEx_EnableEventout
                0x00000000       0x10 CMakeFiles/FirstTest.elf.dir/Drivers/STM32F1xx_HAL_Driver/Src/stm32f1xx_hal_gpio_ex.c.obj
 .text.HAL_GPIOEx_DisableEventout
                0x00000000       0x10 CMakeFiles/FirstTest.elf.dir/Drivers/STM32F1xx_HAL_Driver/Src/stm32f1xx_hal_gpio_ex.c.obj
 .debug_info    0x00000000      0x15c CMakeFiles/FirstTest.elf.dir/Drivers/STM32F1xx_HAL_Driver/Src/stm32f1xx_hal_gpio_ex.c.obj
 .debug_abbrev  0x00000000       0xda CMakeFiles/FirstTest.elf.dir/Drivers/STM32F1xx_HAL_Driver/Src/stm32f1xx_hal_gpio_ex.c.obj
 .debug_loc     0x00000000       0x25 CMakeFiles/FirstTest.elf.dir/Drivers/STM32F1xx_HAL_Driver/Src/stm32f1xx_hal_gpio_ex.c.obj
 .debug_aranges
                0x00000000       0x30 CMakeFiles/FirstTest.elf.dir/Drivers/STM32F1xx_HAL_Driver/Src/stm32f1xx_hal_gpio_ex.c.obj
 .debug_ranges  0x00000000       0x20 CMakeFiles/FirstTest.elf.dir/Drivers/STM32F1xx_HAL_Driver/Src/stm32f1xx_hal_gpio_ex.c.obj
 .debug_line    0x00000000      0x1d7 CMakeFiles/FirstTest.elf.dir/Drivers/STM32F1xx_HAL_Driver/Src/stm32f1xx_hal_gpio_ex.c.obj
 .debug_str     0x00000000      0x2a9 CMakeFiles/FirstTest.elf.dir/Drivers/STM32F1xx_HAL_Driver/Src/stm32f1xx_hal_gpio_ex.c.obj
 .comment       0x00000000       0x4a CMakeFiles/FirstTest.elf.dir/Drivers/STM32F1xx_HAL_Driver/Src/stm32f1xx_hal_gpio_ex.c.obj
 .debug_frame   0x00000000       0x40 CMakeFiles/FirstTest.elf.dir/Drivers/STM32F1xx_HAL_Driver/Src/stm32f1xx_hal_gpio_ex.c.obj
 .ARM.attributes
                0x00000000       0x2d CMakeFiles/FirstTest.elf.dir/Drivers/STM32F1xx_HAL_Driver/Src/stm32f1xx_hal_gpio_ex.c.obj
 .text          0x00000000        0x0 CMakeFiles/FirstTest.elf.dir/Drivers/STM32F1xx_HAL_Driver/Src/stm32f1xx_hal_pwr.c.obj
 .data          0x00000000        0x0 CMakeFiles/FirstTest.elf.dir/Drivers/STM32F1xx_HAL_Driver/Src/stm32f1xx_hal_pwr.c.obj
 .bss           0x00000000        0x0 CMakeFiles/FirstTest.elf.dir/Drivers/STM32F1xx_HAL_Driver/Src/stm32f1xx_hal_pwr.c.obj
 .text.PWR_OverloadWfe
                0x00000000        0x6 CMakeFiles/FirstTest.elf.dir/Drivers/STM32F1xx_HAL_Driver/Src/stm32f1xx_hal_pwr.c.obj
 .text.HAL_PWR_DeInit
                0x00000000       0x18 CMakeFiles/FirstTest.elf.dir/Drivers/STM32F1xx_HAL_Driver/Src/stm32f1xx_hal_pwr.c.obj
 .text.HAL_PWR_EnableBkUpAccess
                0x00000000        0xc CMakeFiles/FirstTest.elf.dir/Drivers/STM32F1xx_HAL_Driver/Src/stm32f1xx_hal_pwr.c.obj
 .text.HAL_PWR_DisableBkUpAccess
                0x00000000        0xc CMakeFiles/FirstTest.elf.dir/Drivers/STM32F1xx_HAL_Driver/Src/stm32f1xx_hal_pwr.c.obj
 .text.HAL_PWR_ConfigPVD
                0x00000000       0x84 CMakeFiles/FirstTest.elf.dir/Drivers/STM32F1xx_HAL_Driver/Src/stm32f1xx_hal_pwr.c.obj
 .text.HAL_PWR_EnablePVD
                0x00000000        0xc CMakeFiles/FirstTest.elf.dir/Drivers/STM32F1xx_HAL_Driver/Src/stm32f1xx_hal_pwr.c.obj
 .text.HAL_PWR_DisablePVD
                0x00000000        0xc CMakeFiles/FirstTest.elf.dir/Drivers/STM32F1xx_HAL_Driver/Src/stm32f1xx_hal_pwr.c.obj
 .text.HAL_PWR_EnableWakeUpPin
                0x00000000       0x18 CMakeFiles/FirstTest.elf.dir/Drivers/STM32F1xx_HAL_Driver/Src/stm32f1xx_hal_pwr.c.obj
 .text.HAL_PWR_DisableWakeUpPin
                0x00000000       0x18 CMakeFiles/FirstTest.elf.dir/Drivers/STM32F1xx_HAL_Driver/Src/stm32f1xx_hal_pwr.c.obj
 .text.HAL_PWR_EnterSLEEPMode
                0x00000000       0x20 CMakeFiles/FirstTest.elf.dir/Drivers/STM32F1xx_HAL_Driver/Src/stm32f1xx_hal_pwr.c.obj
 .text.HAL_PWR_EnterSTOPMode
                0x00000000       0x48 CMakeFiles/FirstTest.elf.dir/Drivers/STM32F1xx_HAL_Driver/Src/stm32f1xx_hal_pwr.c.obj
 .text.HAL_PWR_EnterSTANDBYMode
                0x00000000       0x20 CMakeFiles/FirstTest.elf.dir/Drivers/STM32F1xx_HAL_Driver/Src/stm32f1xx_hal_pwr.c.obj
 .text.HAL_PWR_EnableSleepOnExit
                0x00000000       0x10 CMakeFiles/FirstTest.elf.dir/Drivers/STM32F1xx_HAL_Driver/Src/stm32f1xx_hal_pwr.c.obj
 .text.HAL_PWR_DisableSleepOnExit
                0x00000000       0x10 CMakeFiles/FirstTest.elf.dir/Drivers/STM32F1xx_HAL_Driver/Src/stm32f1xx_hal_pwr.c.obj
 .text.HAL_PWR_EnableSEVOnPend
                0x00000000       0x10 CMakeFiles/FirstTest.elf.dir/Drivers/STM32F1xx_HAL_Driver/Src/stm32f1xx_hal_pwr.c.obj
 .text.HAL_PWR_DisableSEVOnPend
                0x00000000       0x10 CMakeFiles/FirstTest.elf.dir/Drivers/STM32F1xx_HAL_Driver/Src/stm32f1xx_hal_pwr.c.obj
 .text.HAL_PWR_PVDCallback
                0x00000000        0x2 CMakeFiles/FirstTest.elf.dir/Drivers/STM32F1xx_HAL_Driver/Src/stm32f1xx_hal_pwr.c.obj
 .text.HAL_PWR_PVD_IRQHandler
                0x00000000       0x20 CMakeFiles/FirstTest.elf.dir/Drivers/STM32F1xx_HAL_Driver/Src/stm32f1xx_hal_pwr.c.obj
 .debug_info    0x00000000      0x6a7 CMakeFiles/FirstTest.elf.dir/Drivers/STM32F1xx_HAL_Driver/Src/stm32f1xx_hal_pwr.c.obj
 .debug_abbrev  0x00000000      0x1de CMakeFiles/FirstTest.elf.dir/Drivers/STM32F1xx_HAL_Driver/Src/stm32f1xx_hal_pwr.c.obj
 .debug_loc     0x00000000      0x142 CMakeFiles/FirstTest.elf.dir/Drivers/STM32F1xx_HAL_Driver/Src/stm32f1xx_hal_pwr.c.obj
 .debug_aranges
                0x00000000       0xa8 CMakeFiles/FirstTest.elf.dir/Drivers/STM32F1xx_HAL_Driver/Src/stm32f1xx_hal_pwr.c.obj
 .debug_ranges  0x00000000       0x98 CMakeFiles/FirstTest.elf.dir/Drivers/STM32F1xx_HAL_Driver/Src/stm32f1xx_hal_pwr.c.obj
 .debug_line    0x00000000      0x4d4 CMakeFiles/FirstTest.elf.dir/Drivers/STM32F1xx_HAL_Driver/Src/stm32f1xx_hal_pwr.c.obj
 .debug_str     0x00000000      0x4ed CMakeFiles/FirstTest.elf.dir/Drivers/STM32F1xx_HAL_Driver/Src/stm32f1xx_hal_pwr.c.obj
 .comment       0x00000000       0x4a CMakeFiles/FirstTest.elf.dir/Drivers/STM32F1xx_HAL_Driver/Src/stm32f1xx_hal_pwr.c.obj
 .debug_frame   0x00000000      0x140 CMakeFiles/FirstTest.elf.dir/Drivers/STM32F1xx_HAL_Driver/Src/stm32f1xx_hal_pwr.c.obj
 .ARM.attributes
                0x00000000       0x2d CMakeFiles/FirstTest.elf.dir/Drivers/STM32F1xx_HAL_Driver/Src/stm32f1xx_hal_pwr.c.obj
 .text          0x00000000        0x0 CMakeFiles/FirstTest.elf.dir/Drivers/STM32F1xx_HAL_Driver/Src/stm32f1xx_hal_rcc.c.obj
 .data          0x00000000        0x0 CMakeFiles/FirstTest.elf.dir/Drivers/STM32F1xx_HAL_Driver/Src/stm32f1xx_hal_rcc.c.obj
 .bss           0x00000000        0x0 CMakeFiles/FirstTest.elf.dir/Drivers/STM32F1xx_HAL_Driver/Src/stm32f1xx_hal_rcc.c.obj
 .text.HAL_RCC_DeInit
                0x00000000       0xf4 CMakeFiles/FirstTest.elf.dir/Drivers/STM32F1xx_HAL_Driver/Src/stm32f1xx_hal_rcc.c.obj
 .text.HAL_RCC_MCOConfig
                0x00000000       0x50 CMakeFiles/FirstTest.elf.dir/Drivers/STM32F1xx_HAL_Driver/Src/stm32f1xx_hal_rcc.c.obj
 .text.HAL_RCC_EnableCSS
                0x00000000        0xc CMakeFiles/FirstTest.elf.dir/Drivers/STM32F1xx_HAL_Driver/Src/stm32f1xx_hal_rcc.c.obj
 .text.HAL_RCC_DisableCSS
                0x00000000        0xc CMakeFiles/FirstTest.elf.dir/Drivers/STM32F1xx_HAL_Driver/Src/stm32f1xx_hal_rcc.c.obj
 .text.HAL_RCC_GetHCLKFreq
                0x00000000        0xc CMakeFiles/FirstTest.elf.dir/Drivers/STM32F1xx_HAL_Driver/Src/stm32f1xx_hal_rcc.c.obj
 .text.HAL_RCC_GetPCLK1Freq
                0x00000000       0x20 CMakeFiles/FirstTest.elf.dir/Drivers/STM32F1xx_HAL_Driver/Src/stm32f1xx_hal_rcc.c.obj
 .text.HAL_RCC_GetPCLK2Freq
                0x00000000       0x20 CMakeFiles/FirstTest.elf.dir/Drivers/STM32F1xx_HAL_Driver/Src/stm32f1xx_hal_rcc.c.obj
 .text.HAL_RCC_GetOscConfig
                0x00000000       0xb4 CMakeFiles/FirstTest.elf.dir/Drivers/STM32F1xx_HAL_Driver/Src/stm32f1xx_hal_rcc.c.obj
 .text.HAL_RCC_GetClockConfig
                0x00000000       0x3c CMakeFiles/FirstTest.elf.dir/Drivers/STM32F1xx_HAL_Driver/Src/stm32f1xx_hal_rcc.c.obj
 .text.HAL_RCC_CSSCallback
                0x00000000        0x2 CMakeFiles/FirstTest.elf.dir/Drivers/STM32F1xx_HAL_Driver/Src/stm32f1xx_hal_rcc.c.obj
 .text.HAL_RCC_NMI_IRQHandler
                0x00000000       0x20 CMakeFiles/FirstTest.elf.dir/Drivers/STM32F1xx_HAL_Driver/Src/stm32f1xx_hal_rcc.c.obj
 .text          0x00000000        0x0 CMakeFiles/FirstTest.elf.dir/Drivers/STM32F1xx_HAL_Driver/Src/stm32f1xx_hal_rcc_ex.c.obj
 .data          0x00000000        0x0 CMakeFiles/FirstTest.elf.dir/Drivers/STM32F1xx_HAL_Driver/Src/stm32f1xx_hal_rcc_ex.c.obj
 .bss           0x00000000        0x0 CMakeFiles/FirstTest.elf.dir/Drivers/STM32F1xx_HAL_Driver/Src/stm32f1xx_hal_rcc_ex.c.obj
 .text.HAL_RCCEx_PeriphCLKConfig
                0x00000000      0x118 CMakeFiles/FirstTest.elf.dir/Drivers/STM32F1xx_HAL_Driver/Src/stm32f1xx_hal_rcc_ex.c.obj
 .text.HAL_RCCEx_GetPeriphCLKConfig
                0x00000000       0x3c CMakeFiles/FirstTest.elf.dir/Drivers/STM32F1xx_HAL_Driver/Src/stm32f1xx_hal_rcc_ex.c.obj
 .rodata.HAL_RCCEx_GetPeriphCLKFreq.str1.4
                0x00000000       0x11 CMakeFiles/FirstTest.elf.dir/Drivers/STM32F1xx_HAL_Driver/Src/stm32f1xx_hal_rcc_ex.c.obj
 .text.HAL_RCCEx_GetPeriphCLKFreq
                0x00000000      0x114 CMakeFiles/FirstTest.elf.dir/Drivers/STM32F1xx_HAL_Driver/Src/stm32f1xx_hal_rcc_ex.c.obj
 .debug_info    0x00000000      0x47e CMakeFiles/FirstTest.elf.dir/Drivers/STM32F1xx_HAL_Driver/Src/stm32f1xx_hal_rcc_ex.c.obj
 .debug_abbrev  0x00000000      0x1d2 CMakeFiles/FirstTest.elf.dir/Drivers/STM32F1xx_HAL_Driver/Src/stm32f1xx_hal_rcc_ex.c.obj
 .debug_loc     0x00000000      0x42a CMakeFiles/FirstTest.elf.dir/Drivers/STM32F1xx_HAL_Driver/Src/stm32f1xx_hal_rcc_ex.c.obj
 .debug_aranges
                0x00000000       0x30 CMakeFiles/FirstTest.elf.dir/Drivers/STM32F1xx_HAL_Driver/Src/stm32f1xx_hal_rcc_ex.c.obj
 .debug_ranges  0x00000000       0x38 CMakeFiles/FirstTest.elf.dir/Drivers/STM32F1xx_HAL_Driver/Src/stm32f1xx_hal_rcc_ex.c.obj
 .debug_line    0x00000000      0x51b CMakeFiles/FirstTest.elf.dir/Drivers/STM32F1xx_HAL_Driver/Src/stm32f1xx_hal_rcc_ex.c.obj
 .debug_str     0x00000000      0x463 CMakeFiles/FirstTest.elf.dir/Drivers/STM32F1xx_HAL_Driver/Src/stm32f1xx_hal_rcc_ex.c.obj
 .comment       0x00000000       0x4a CMakeFiles/FirstTest.elf.dir/Drivers/STM32F1xx_HAL_Driver/Src/stm32f1xx_hal_rcc_ex.c.obj
 .debug_frame   0x00000000       0x64 CMakeFiles/FirstTest.elf.dir/Drivers/STM32F1xx_HAL_Driver/Src/stm32f1xx_hal_rcc_ex.c.obj
 .ARM.attributes
                0x00000000       0x2d CMakeFiles/FirstTest.elf.dir/Drivers/STM32F1xx_HAL_Driver/Src/stm32f1xx_hal_rcc_ex.c.obj
 .text          0x00000000        0x0 CMakeFiles/FirstTest.elf.dir/Drivers/STM32F1xx_HAL_Driver/Src/stm32f1xx_hal_tim.c.obj
 .data          0x00000000        0x0 CMakeFiles/FirstTest.elf.dir/Drivers/STM32F1xx_HAL_Driver/Src/stm32f1xx_hal_tim.c.obj
 .bss           0x00000000        0x0 CMakeFiles/FirstTest.elf.dir/Drivers/STM32F1xx_HAL_Driver/Src/stm32f1xx_hal_tim.c.obj
 .debug_info    0x00000000       0x6b CMakeFiles/FirstTest.elf.dir/Drivers/STM32F1xx_HAL_Driver/Src/stm32f1xx_hal_tim.c.obj
 .debug_abbrev  0x00000000       0x26 CMakeFiles/FirstTest.elf.dir/Drivers/STM32F1xx_HAL_Driver/Src/stm32f1xx_hal_tim.c.obj
 .debug_aranges
                0x00000000       0x18 CMakeFiles/FirstTest.elf.dir/Drivers/STM32F1xx_HAL_Driver/Src/stm32f1xx_hal_tim.c.obj
 .debug_line    0x00000000       0x1d CMakeFiles/FirstTest.elf.dir/Drivers/STM32F1xx_HAL_Driver/Src/stm32f1xx_hal_tim.c.obj
 .debug_str     0x00000000      0x1f5 CMakeFiles/FirstTest.elf.dir/Drivers/STM32F1xx_HAL_Driver/Src/stm32f1xx_hal_tim.c.obj
 .comment       0x00000000       0x4a CMakeFiles/FirstTest.elf.dir/Drivers/STM32F1xx_HAL_Driver/Src/stm32f1xx_hal_tim.c.obj
 .ARM.attributes
                0x00000000       0x33 CMakeFiles/FirstTest.elf.dir/Drivers/STM32F1xx_HAL_Driver/Src/stm32f1xx_hal_tim.c.obj
 .text          0x00000000        0x0 CMakeFiles/FirstTest.elf.dir/Drivers/STM32F1xx_HAL_Driver/Src/stm32f1xx_hal_tim_ex.c.obj
 .data          0x00000000        0x0 CMakeFiles/FirstTest.elf.dir/Drivers/STM32F1xx_HAL_Driver/Src/stm32f1xx_hal_tim_ex.c.obj
 .bss           0x00000000        0x0 CMakeFiles/FirstTest.elf.dir/Drivers/STM32F1xx_HAL_Driver/Src/stm32f1xx_hal_tim_ex.c.obj
 .debug_info    0x00000000       0x6b CMakeFiles/FirstTest.elf.dir/Drivers/STM32F1xx_HAL_Driver/Src/stm32f1xx_hal_tim_ex.c.obj
 .debug_abbrev  0x00000000       0x26 CMakeFiles/FirstTest.elf.dir/Drivers/STM32F1xx_HAL_Driver/Src/stm32f1xx_hal_tim_ex.c.obj
 .debug_aranges
                0x00000000       0x18 CMakeFiles/FirstTest.elf.dir/Drivers/STM32F1xx_HAL_Driver/Src/stm32f1xx_hal_tim_ex.c.obj
 .debug_line    0x00000000       0x1d CMakeFiles/FirstTest.elf.dir/Drivers/STM32F1xx_HAL_Driver/Src/stm32f1xx_hal_tim_ex.c.obj
 .debug_str     0x00000000      0x1f8 CMakeFiles/FirstTest.elf.dir/Drivers/STM32F1xx_HAL_Driver/Src/stm32f1xx_hal_tim_ex.c.obj
 .comment       0x00000000       0x4a CMakeFiles/FirstTest.elf.dir/Drivers/STM32F1xx_HAL_Driver/Src/stm32f1xx_hal_tim_ex.c.obj
 .ARM.attributes
                0x00000000       0x33 CMakeFiles/FirstTest.elf.dir/Drivers/STM32F1xx_HAL_Driver/Src/stm32f1xx_hal_tim_ex.c.obj
 .text          0x00000000        0x0 CMakeFiles/FirstTest.elf.dir/Hal/Src/Led/led.c.obj
 .data          0x00000000        0x0 CMakeFiles/FirstTest.elf.dir/Hal/Src/Led/led.c.obj
 .bss           0x00000000        0x0 CMakeFiles/FirstTest.elf.dir/Hal/Src/Led/led.c.obj
 .text.init     0x00000000       0x22 CMakeFiles/FirstTest.elf.dir/Hal/Src/Led/led.c.obj
 .text.deInit   0x00000000       0x28 CMakeFiles/FirstTest.elf.dir/Hal/Src/Led/led.c.obj
 .text.on       0x00000000       0x22 CMakeFiles/FirstTest.elf.dir/Hal/Src/Led/led.c.obj
 .text.off      0x00000000       0x20 CMakeFiles/FirstTest.elf.dir/Hal/Src/Led/led.c.obj
 .text.toggle   0x00000000       0x20 CMakeFiles/FirstTest.elf.dir/Hal/Src/Led/led.c.obj
 .text.breathLighting
                0x00000000        0xa CMakeFiles/FirstTest.elf.dir/Hal/Src/Led/led.c.obj
 .debug_info    0x00000000      0x3c8 CMakeFiles/FirstTest.elf.dir/Hal/Src/Led/led.c.obj
 .debug_abbrev  0x00000000      0x1a1 CMakeFiles/FirstTest.elf.dir/Hal/Src/Led/led.c.obj
 .debug_loc     0x00000000      0x1ea CMakeFiles/FirstTest.elf.dir/Hal/Src/Led/led.c.obj
 .debug_aranges
                0x00000000       0x48 CMakeFiles/FirstTest.elf.dir/Hal/Src/Led/led.c.obj
 .debug_ranges  0x00000000       0x38 CMakeFiles/FirstTest.elf.dir/Hal/Src/Led/led.c.obj
 .debug_line    0x00000000      0x3a9 CMakeFiles/FirstTest.elf.dir/Hal/Src/Led/led.c.obj
 .debug_str     0x00000000      0x320 CMakeFiles/FirstTest.elf.dir/Hal/Src/Led/led.c.obj
 .comment       0x00000000       0x4a CMakeFiles/FirstTest.elf.dir/Hal/Src/Led/led.c.obj
 .debug_frame   0x00000000       0xb4 CMakeFiles/FirstTest.elf.dir/Hal/Src/Led/led.c.obj
 .ARM.attributes
                0x00000000       0x2d CMakeFiles/FirstTest.elf.dir/Hal/Src/Led/led.c.obj
 .text          0x00000000       0x14 CMakeFiles/FirstTest.elf.dir/startup/startup_stm32f103xe.s.obj
 .data          0x00000000        0x0 CMakeFiles/FirstTest.elf.dir/startup/startup_stm32f103xe.s.obj
 .bss           0x00000000        0x0 CMakeFiles/FirstTest.elf.dir/startup/startup_stm32f103xe.s.obj
 .text          0x00000000        0x0 c:/progra~2/gnuarm~1/102021~1.07/bin/../lib/gcc/arm-none-eabi/10.3.1/../../../../arm-none-eabi/lib/thumb/v7-m/nofp\libg.a(lib_a-errno.o)
 .data          0x00000000        0x0 c:/progra~2/gnuarm~1/102021~1.07/bin/../lib/gcc/arm-none-eabi/10.3.1/../../../../arm-none-eabi/lib/thumb/v7-m/nofp\libg.a(lib_a-errno.o)
 .bss           0x00000000        0x0 c:/progra~2/gnuarm~1/102021~1.07/bin/../lib/gcc/arm-none-eabi/10.3.1/../../../../arm-none-eabi/lib/thumb/v7-m/nofp\libg.a(lib_a-errno.o)
 .text.__errno  0x00000000        0xc c:/progra~2/gnuarm~1/102021~1.07/bin/../lib/gcc/arm-none-eabi/10.3.1/../../../../arm-none-eabi/lib/thumb/v7-m/nofp\libg.a(lib_a-errno.o)
 .debug_frame   0x00000000       0x20 c:/progra~2/gnuarm~1/102021~1.07/bin/../lib/gcc/arm-none-eabi/10.3.1/../../../../arm-none-eabi/lib/thumb/v7-m/nofp\libg.a(lib_a-errno.o)
 .ARM.attributes
                0x00000000       0x2d c:/progra~2/gnuarm~1/102021~1.07/bin/../lib/gcc/arm-none-eabi/10.3.1/../../../../arm-none-eabi/lib/thumb/v7-m/nofp\libg.a(lib_a-errno.o)
 .text          0x00000000        0x0 c:/progra~2/gnuarm~1/102021~1.07/bin/../lib/gcc/arm-none-eabi/10.3.1/../../../../arm-none-eabi/lib/thumb/v7-m/nofp\libg.a(lib_a-exit.o)
 .data          0x00000000        0x0 c:/progra~2/gnuarm~1/102021~1.07/bin/../lib/gcc/arm-none-eabi/10.3.1/../../../../arm-none-eabi/lib/thumb/v7-m/nofp\libg.a(lib_a-exit.o)
 .bss           0x00000000        0x0 c:/progra~2/gnuarm~1/102021~1.07/bin/../lib/gcc/arm-none-eabi/10.3.1/../../../../arm-none-eabi/lib/thumb/v7-m/nofp\libg.a(lib_a-exit.o)
 .text.exit     0x00000000       0x20 c:/progra~2/gnuarm~1/102021~1.07/bin/../lib/gcc/arm-none-eabi/10.3.1/../../../../arm-none-eabi/lib/thumb/v7-m/nofp\libg.a(lib_a-exit.o)
 .debug_frame   0x00000000       0x28 c:/progra~2/gnuarm~1/102021~1.07/bin/../lib/gcc/arm-none-eabi/10.3.1/../../../../arm-none-eabi/lib/thumb/v7-m/nofp\libg.a(lib_a-exit.o)
 .ARM.attributes
                0x00000000       0x2d c:/progra~2/gnuarm~1/102021~1.07/bin/../lib/gcc/arm-none-eabi/10.3.1/../../../../arm-none-eabi/lib/thumb/v7-m/nofp\libg.a(lib_a-exit.o)
 .text          0x00000000        0x0 c:/progra~2/gnuarm~1/102021~1.07/bin/../lib/gcc/arm-none-eabi/10.3.1/../../../../arm-none-eabi/lib/thumb/v7-m/nofp\libg.a(lib_a-impure.o)
 .data          0x00000000        0x0 c:/progra~2/gnuarm~1/102021~1.07/bin/../lib/gcc/arm-none-eabi/10.3.1/../../../../arm-none-eabi/lib/thumb/v7-m/nofp\libg.a(lib_a-impure.o)
 .bss           0x00000000        0x0 c:/progra~2/gnuarm~1/102021~1.07/bin/../lib/gcc/arm-none-eabi/10.3.1/../../../../arm-none-eabi/lib/thumb/v7-m/nofp\libg.a(lib_a-impure.o)
 .data._impure_ptr
                0x00000000        0x4 c:/progra~2/gnuarm~1/102021~1.07/bin/../lib/gcc/arm-none-eabi/10.3.1/../../../../arm-none-eabi/lib/thumb/v7-m/nofp\libg.a(lib_a-impure.o)
 .text          0x00000000        0x0 c:/progra~2/gnuarm~1/102021~1.07/bin/../lib/gcc/arm-none-eabi/10.3.1/../../../../arm-none-eabi/lib/thumb/v7-m/nofp\libg.a(lib_a-init.o)
 .data          0x00000000        0x0 c:/progra~2/gnuarm~1/102021~1.07/bin/../lib/gcc/arm-none-eabi/10.3.1/../../../../arm-none-eabi/lib/thumb/v7-m/nofp\libg.a(lib_a-init.o)
 .bss           0x00000000        0x0 c:/progra~2/gnuarm~1/102021~1.07/bin/../lib/gcc/arm-none-eabi/10.3.1/../../../../arm-none-eabi/lib/thumb/v7-m/nofp\libg.a(lib_a-init.o)
 .text          0x00000000        0x0 c:/progra~2/gnuarm~1/102021~1.07/bin/../lib/gcc/arm-none-eabi/10.3.1/../../../../arm-none-eabi/lib/thumb/v7-m/nofp\libg.a(lib_a-memset.o)
 .data          0x00000000        0x0 c:/progra~2/gnuarm~1/102021~1.07/bin/../lib/gcc/arm-none-eabi/10.3.1/../../../../arm-none-eabi/lib/thumb/v7-m/nofp\libg.a(lib_a-memset.o)
 .bss           0x00000000        0x0 c:/progra~2/gnuarm~1/102021~1.07/bin/../lib/gcc/arm-none-eabi/10.3.1/../../../../arm-none-eabi/lib/thumb/v7-m/nofp\libg.a(lib_a-memset.o)
 .text          0x00000000        0x0 c:/progra~2/gnuarm~1/102021~1.07/bin/../lib/gcc/arm-none-eabi/10.3.1/../../../../arm-none-eabi/lib/thumb/v7-m/nofp\libg.a(lib_a-__call_atexit.o)
 .data          0x00000000        0x0 c:/progra~2/gnuarm~1/102021~1.07/bin/../lib/gcc/arm-none-eabi/10.3.1/../../../../arm-none-eabi/lib/thumb/v7-m/nofp\libg.a(lib_a-__call_atexit.o)
 .bss           0x00000000        0x0 c:/progra~2/gnuarm~1/102021~1.07/bin/../lib/gcc/arm-none-eabi/10.3.1/../../../../arm-none-eabi/lib/thumb/v7-m/nofp\libg.a(lib_a-__call_atexit.o)
 .text.__call_exitprocs
                0x00000000       0xc4 c:/progra~2/gnuarm~1/102021~1.07/bin/../lib/gcc/arm-none-eabi/10.3.1/../../../../arm-none-eabi/lib/thumb/v7-m/nofp\libg.a(lib_a-__call_atexit.o)
 .text          0x00000000        0x0 c:/progra~2/gnuarm~1/102021~1.07/bin/../lib/gcc/arm-none-eabi/10.3.1/../../../../arm-none-eabi/lib/thumb/v7-m/nofp\libg.a(lib_a-atexit.o)
 .data          0x00000000        0x0 c:/progra~2/gnuarm~1/102021~1.07/bin/../lib/gcc/arm-none-eabi/10.3.1/../../../../arm-none-eabi/lib/thumb/v7-m/nofp\libg.a(lib_a-atexit.o)
 .bss           0x00000000        0x0 c:/progra~2/gnuarm~1/102021~1.07/bin/../lib/gcc/arm-none-eabi/10.3.1/../../../../arm-none-eabi/lib/thumb/v7-m/nofp\libg.a(lib_a-atexit.o)
 .text          0x00000000        0x0 c:/progra~2/gnuarm~1/102021~1.07/bin/../lib/gcc/arm-none-eabi/10.3.1/../../../../arm-none-eabi/lib/thumb/v7-m/nofp\libg.a(lib_a-fini.o)
 .data          0x00000000        0x0 c:/progra~2/gnuarm~1/102021~1.07/bin/../lib/gcc/arm-none-eabi/10.3.1/../../../../arm-none-eabi/lib/thumb/v7-m/nofp\libg.a(lib_a-fini.o)
 .bss           0x00000000        0x0 c:/progra~2/gnuarm~1/102021~1.07/bin/../lib/gcc/arm-none-eabi/10.3.1/../../../../arm-none-eabi/lib/thumb/v7-m/nofp\libg.a(lib_a-fini.o)
 .text          0x00000000        0x0 c:/progra~2/gnuarm~1/102021~1.07/bin/../lib/gcc/arm-none-eabi/10.3.1/../../../../arm-none-eabi/lib/thumb/v7-m/nofp\libg.a(lib_a-lock.o)
 .data          0x00000000        0x0 c:/progra~2/gnuarm~1/102021~1.07/bin/../lib/gcc/arm-none-eabi/10.3.1/../../../../arm-none-eabi/lib/thumb/v7-m/nofp\libg.a(lib_a-lock.o)
 .bss           0x00000000        0x0 c:/progra~2/gnuarm~1/102021~1.07/bin/../lib/gcc/arm-none-eabi/10.3.1/../../../../arm-none-eabi/lib/thumb/v7-m/nofp\libg.a(lib_a-lock.o)
 .text.__retarget_lock_init
                0x00000000        0x4 c:/progra~2/gnuarm~1/102021~1.07/bin/../lib/gcc/arm-none-eabi/10.3.1/../../../../arm-none-eabi/lib/thumb/v7-m/nofp\libg.a(lib_a-lock.o)
 .text.__retarget_lock_init_recursive
                0x00000000        0x4 c:/progra~2/gnuarm~1/102021~1.07/bin/../lib/gcc/arm-none-eabi/10.3.1/../../../../arm-none-eabi/lib/thumb/v7-m/nofp\libg.a(lib_a-lock.o)
 .text.__retarget_lock_close
                0x00000000        0x4 c:/progra~2/gnuarm~1/102021~1.07/bin/../lib/gcc/arm-none-eabi/10.3.1/../../../../arm-none-eabi/lib/thumb/v7-m/nofp\libg.a(lib_a-lock.o)
 .text.__retarget_lock_close_recursive
                0x00000000        0x4 c:/progra~2/gnuarm~1/102021~1.07/bin/../lib/gcc/arm-none-eabi/10.3.1/../../../../arm-none-eabi/lib/thumb/v7-m/nofp\libg.a(lib_a-lock.o)
 .text.__retarget_lock_acquire
                0x00000000        0x4 c:/progra~2/gnuarm~1/102021~1.07/bin/../lib/gcc/arm-none-eabi/10.3.1/../../../../arm-none-eabi/lib/thumb/v7-m/nofp\libg.a(lib_a-lock.o)
 .text.__retarget_lock_try_acquire
                0x00000000        0x4 c:/progra~2/gnuarm~1/102021~1.07/bin/../lib/gcc/arm-none-eabi/10.3.1/../../../../arm-none-eabi/lib/thumb/v7-m/nofp\libg.a(lib_a-lock.o)
 .text.__retarget_lock_try_acquire_recursive
                0x00000000        0x4 c:/progra~2/gnuarm~1/102021~1.07/bin/../lib/gcc/arm-none-eabi/10.3.1/../../../../arm-none-eabi/lib/thumb/v7-m/nofp\libg.a(lib_a-lock.o)
 .text.__retarget_lock_release
                0x00000000        0x4 c:/progra~2/gnuarm~1/102021~1.07/bin/../lib/gcc/arm-none-eabi/10.3.1/../../../../arm-none-eabi/lib/thumb/v7-m/nofp\libg.a(lib_a-lock.o)
 .bss.__lock___arc4random_mutex
                0x00000000        0x1 c:/progra~2/gnuarm~1/102021~1.07/bin/../lib/gcc/arm-none-eabi/10.3.1/../../../../arm-none-eabi/lib/thumb/v7-m/nofp\libg.a(lib_a-lock.o)
 .bss.__lock___at_quick_exit_mutex
                0x00000000        0x1 c:/progra~2/gnuarm~1/102021~1.07/bin/../lib/gcc/arm-none-eabi/10.3.1/../../../../arm-none-eabi/lib/thumb/v7-m/nofp\libg.a(lib_a-lock.o)
 .bss.__lock___dd_hash_mutex
                0x00000000        0x1 c:/progra~2/gnuarm~1/102021~1.07/bin/../lib/gcc/arm-none-eabi/10.3.1/../../../../arm-none-eabi/lib/thumb/v7-m/nofp\libg.a(lib_a-lock.o)
 .bss.__lock___env_recursive_mutex
                0x00000000        0x1 c:/progra~2/gnuarm~1/102021~1.07/bin/../lib/gcc/arm-none-eabi/10.3.1/../../../../arm-none-eabi/lib/thumb/v7-m/nofp\libg.a(lib_a-lock.o)
 .bss.__lock___malloc_recursive_mutex
                0x00000000        0x1 c:/progra~2/gnuarm~1/102021~1.07/bin/../lib/gcc/arm-none-eabi/10.3.1/../../../../arm-none-eabi/lib/thumb/v7-m/nofp\libg.a(lib_a-lock.o)
 .bss.__lock___sfp_recursive_mutex
                0x00000000        0x1 c:/progra~2/gnuarm~1/102021~1.07/bin/../lib/gcc/arm-none-eabi/10.3.1/../../../../arm-none-eabi/lib/thumb/v7-m/nofp\libg.a(lib_a-lock.o)
 .bss.__lock___sinit_recursive_mutex
                0x00000000        0x1 c:/progra~2/gnuarm~1/102021~1.07/bin/../lib/gcc/arm-none-eabi/10.3.1/../../../../arm-none-eabi/lib/thumb/v7-m/nofp\libg.a(lib_a-lock.o)
 .bss.__lock___tz_mutex
                0x00000000        0x1 c:/progra~2/gnuarm~1/102021~1.07/bin/../lib/gcc/arm-none-eabi/10.3.1/../../../../arm-none-eabi/lib/thumb/v7-m/nofp\libg.a(lib_a-lock.o)
 .text          0x00000000        0x0 c:/progra~2/gnuarm~1/102021~1.07/bin/../lib/gcc/arm-none-eabi/10.3.1/../../../../arm-none-eabi/lib/thumb/v7-m/nofp\libg.a(lib_a-__atexit.o)
 .data          0x00000000        0x0 c:/progra~2/gnuarm~1/102021~1.07/bin/../lib/gcc/arm-none-eabi/10.3.1/../../../../arm-none-eabi/lib/thumb/v7-m/nofp\libg.a(lib_a-__atexit.o)
 .bss           0x00000000        0x0 c:/progra~2/gnuarm~1/102021~1.07/bin/../lib/gcc/arm-none-eabi/10.3.1/../../../../arm-none-eabi/lib/thumb/v7-m/nofp\libg.a(lib_a-__atexit.o)
 .text          0x00000000        0x0 c:/progra~2/gnuarm~1/102021~1.07/bin/../lib/gcc/arm-none-eabi/10.3.1/thumb/v7-m/nofp/crtend.o
 .data          0x00000000        0x0 c:/progra~2/gnuarm~1/102021~1.07/bin/../lib/gcc/arm-none-eabi/10.3.1/thumb/v7-m/nofp/crtend.o
 .bss           0x00000000        0x0 c:/progra~2/gnuarm~1/102021~1.07/bin/../lib/gcc/arm-none-eabi/10.3.1/thumb/v7-m/nofp/crtend.o
 .rodata        0x00000000       0x24 c:/progra~2/gnuarm~1/102021~1.07/bin/../lib/gcc/arm-none-eabi/10.3.1/thumb/v7-m/nofp/crtend.o
 .eh_frame      0x00000000        0x4 c:/progra~2/gnuarm~1/102021~1.07/bin/../lib/gcc/arm-none-eabi/10.3.1/thumb/v7-m/nofp/crtend.o
 .ARM.attributes
                0x00000000       0x2d c:/progra~2/gnuarm~1/102021~1.07/bin/../lib/gcc/arm-none-eabi/10.3.1/thumb/v7-m/nofp/crtend.o
 .text          0x00000000        0x0 c:/progra~2/gnuarm~1/102021~1.07/bin/../lib/gcc/arm-none-eabi/10.3.1/thumb/v7-m/nofp/crtn.o
 .data          0x00000000        0x0 c:/progra~2/gnuarm~1/102021~1.07/bin/../lib/gcc/arm-none-eabi/10.3.1/thumb/v7-m/nofp/crtn.o
 .bss           0x00000000        0x0 c:/progra~2/gnuarm~1/102021~1.07/bin/../lib/gcc/arm-none-eabi/10.3.1/thumb/v7-m/nofp/crtn.o

Memory Configuration

Name             Origin             Length             Attributes
RAM              0x20000000         0x00010000         xrw
FLASH            0x08000000         0x00080000         xr
*default*        0x00000000         0xffffffff

Linker script and memory map

LOAD c:/progra~2/gnuarm~1/102021~1.07/bin/../lib/gcc/arm-none-eabi/10.3.1/thumb/v7-m/nofp/crti.o
LOAD c:/progra~2/gnuarm~1/102021~1.07/bin/../lib/gcc/arm-none-eabi/10.3.1/thumb/v7-m/nofp/crtbegin.o
LOAD c:/progra~2/gnuarm~1/102021~1.07/bin/../lib/gcc/arm-none-eabi/10.3.1/../../../../arm-none-eabi/lib/thumb/v7-m/nofp/crt0.o
LOAD CMakeFiles/FirstTest.elf.dir/Core/Src/main.c.obj
LOAD CMakeFiles/FirstTest.elf.dir/Core/Src/stm32f1xx_hal_msp.c.obj
LOAD CMakeFiles/FirstTest.elf.dir/Core/Src/stm32f1xx_it.c.obj
LOAD CMakeFiles/FirstTest.elf.dir/Core/Src/syscalls.c.obj
LOAD CMakeFiles/FirstTest.elf.dir/Core/Src/system_stm32f1xx.c.obj
LOAD CMakeFiles/FirstTest.elf.dir/Drivers/STM32F1xx_HAL_Driver/Src/stm32f1xx_hal.c.obj
LOAD CMakeFiles/FirstTest.elf.dir/Drivers/STM32F1xx_HAL_Driver/Src/stm32f1xx_hal_cortex.c.obj
LOAD CMakeFiles/FirstTest.elf.dir/Drivers/STM32F1xx_HAL_Driver/Src/stm32f1xx_hal_dma.c.obj
LOAD CMakeFiles/FirstTest.elf.dir/Drivers/STM32F1xx_HAL_Driver/Src/stm32f1xx_hal_exti.c.obj
LOAD CMakeFiles/FirstTest.elf.dir/Drivers/STM32F1xx_HAL_Driver/Src/stm32f1xx_hal_flash.c.obj
LOAD CMakeFiles/FirstTest.elf.dir/Drivers/STM32F1xx_HAL_Driver/Src/stm32f1xx_hal_flash_ex.c.obj
LOAD CMakeFiles/FirstTest.elf.dir/Drivers/STM32F1xx_HAL_Driver/Src/stm32f1xx_hal_gpio.c.obj
LOAD CMakeFiles/FirstTest.elf.dir/Drivers/STM32F1xx_HAL_Driver/Src/stm32f1xx_hal_gpio_ex.c.obj
LOAD CMakeFiles/FirstTest.elf.dir/Drivers/STM32F1xx_HAL_Driver/Src/stm32f1xx_hal_pwr.c.obj
LOAD CMakeFiles/FirstTest.elf.dir/Drivers/STM32F1xx_HAL_Driver/Src/stm32f1xx_hal_rcc.c.obj
LOAD CMakeFiles/FirstTest.elf.dir/Drivers/STM32F1xx_HAL_Driver/Src/stm32f1xx_hal_rcc_ex.c.obj
LOAD CMakeFiles/FirstTest.elf.dir/Drivers/STM32F1xx_HAL_Driver/Src/stm32f1xx_hal_tim.c.obj
LOAD CMakeFiles/FirstTest.elf.dir/Drivers/STM32F1xx_HAL_Driver/Src/stm32f1xx_hal_tim_ex.c.obj
LOAD CMakeFiles/FirstTest.elf.dir/Hal/Src/Led/led.c.obj
LOAD CMakeFiles/FirstTest.elf.dir/startup/startup_stm32f103xe.s.obj
START GROUP
LOAD c:/progra~2/gnuarm~1/102021~1.07/bin/../lib/gcc/arm-none-eabi/10.3.1/thumb/v7-m/nofp\libgcc.a
LOAD c:/progra~2/gnuarm~1/102021~1.07/bin/../lib/gcc/arm-none-eabi/10.3.1/../../../../arm-none-eabi/lib/thumb/v7-m/nofp\libg.a
LOAD c:/progra~2/gnuarm~1/102021~1.07/bin/../lib/gcc/arm-none-eabi/10.3.1/../../../../arm-none-eabi/lib/thumb/v7-m/nofp\libc.a
END GROUP
LOAD c:/progra~2/gnuarm~1/102021~1.07/bin/../lib/gcc/arm-none-eabi/10.3.1/thumb/v7-m/nofp/crtend.o
LOAD c:/progra~2/gnuarm~1/102021~1.07/bin/../lib/gcc/arm-none-eabi/10.3.1/thumb/v7-m/nofp/crtn.o
                0x20010000                _estack = 0x20010000
                0x00000200                _Min_Heap_Size = 0x200
                0x00000400                _Min_Stack_Size = 0x400

.isr_vector     0x08000000      0x1e4
                0x08000000                . = ALIGN (0x4)
 *(.isr_vector)
 .isr_vector    0x08000000      0x1e4 CMakeFiles/FirstTest.elf.dir/startup/startup_stm32f103xe.s.obj
                0x08000000                g_pfnVectors
                0x080001e4                . = ALIGN (0x4)

.text           0x080001e4      0xab8
                0x080001e4                . = ALIGN (0x4)
 *(.text)
 .text          0x080001e4       0x40 c:/progra~2/gnuarm~1/102021~1.07/bin/../lib/gcc/arm-none-eabi/10.3.1/thumb/v7-m/nofp/crtbegin.o
 *(.text*)
 .text.Error_Handler
                0x08000224        0x4 CMakeFiles/FirstTest.elf.dir/Core/Src/main.c.obj
                0x08000224                Error_Handler
 .text.SystemClock_Config
                0x08000228       0x52 CMakeFiles/FirstTest.elf.dir/Core/Src/main.c.obj
                0x08000228                SystemClock_Config
 *fill*         0x0800027a        0x2 
 .text.main     0x0800027c       0x1c CMakeFiles/FirstTest.elf.dir/Core/Src/main.c.obj
                0x0800027c                main
 .text.HAL_MspInit
                0x08000298       0x44 CMakeFiles/FirstTest.elf.dir/Core/Src/stm32f1xx_hal_msp.c.obj
                0x08000298                HAL_MspInit
 .text.NMI_Handler
                0x080002dc        0x2 CMakeFiles/FirstTest.elf.dir/Core/Src/stm32f1xx_it.c.obj
                0x080002dc                NMI_Handler
 .text.HardFault_Handler
                0x080002de        0x2 CMakeFiles/FirstTest.elf.dir/Core/Src/stm32f1xx_it.c.obj
                0x080002de                HardFault_Handler
 .text.MemManage_Handler
                0x080002e0        0x2 CMakeFiles/FirstTest.elf.dir/Core/Src/stm32f1xx_it.c.obj
                0x080002e0                MemManage_Handler
 .text.BusFault_Handler
                0x080002e2        0x2 CMakeFiles/FirstTest.elf.dir/Core/Src/stm32f1xx_it.c.obj
                0x080002e2                BusFault_Handler
 .text.UsageFault_Handler
                0x080002e4        0x2 CMakeFiles/FirstTest.elf.dir/Core/Src/stm32f1xx_it.c.obj
                0x080002e4                UsageFault_Handler
 .text.SVC_Handler
                0x080002e6        0x2 CMakeFiles/FirstTest.elf.dir/Core/Src/stm32f1xx_it.c.obj
                0x080002e6                SVC_Handler
 .text.DebugMon_Handler
                0x080002e8        0x2 CMakeFiles/FirstTest.elf.dir/Core/Src/stm32f1xx_it.c.obj
                0x080002e8                DebugMon_Handler
 .text.PendSV_Handler
                0x080002ea        0x2 CMakeFiles/FirstTest.elf.dir/Core/Src/stm32f1xx_it.c.obj
                0x080002ea                PendSV_Handler
 .text.SysTick_Handler
                0x080002ec        0x8 CMakeFiles/FirstTest.elf.dir/Core/Src/stm32f1xx_it.c.obj
                0x080002ec                SysTick_Handler
 .text.SystemInit
                0x080002f4        0x2 CMakeFiles/FirstTest.elf.dir/Core/Src/system_stm32f1xx.c.obj
                0x080002f4                SystemInit
 *fill*         0x080002f6        0x2 
 .text.HAL_InitTick
                0x080002f8       0x4c CMakeFiles/FirstTest.elf.dir/Drivers/STM32F1xx_HAL_Driver/Src/stm32f1xx_hal.c.obj
                0x080002f8                HAL_InitTick
 .text.HAL_Init
                0x08000344       0x24 CMakeFiles/FirstTest.elf.dir/Drivers/STM32F1xx_HAL_Driver/Src/stm32f1xx_hal.c.obj
                0x08000344                HAL_Init
 .text.HAL_IncTick
                0x08000368       0x18 CMakeFiles/FirstTest.elf.dir/Drivers/STM32F1xx_HAL_Driver/Src/stm32f1xx_hal.c.obj
                0x08000368                HAL_IncTick
 .text.HAL_GetTick
                0x08000380        0xc CMakeFiles/FirstTest.elf.dir/Drivers/STM32F1xx_HAL_Driver/Src/stm32f1xx_hal.c.obj
                0x08000380                HAL_GetTick
 .text.HAL_NVIC_SetPriorityGrouping
                0x0800038c       0x24 CMakeFiles/FirstTest.elf.dir/Drivers/STM32F1xx_HAL_Driver/Src/stm32f1xx_hal_cortex.c.obj
                0x0800038c                HAL_NVIC_SetPriorityGrouping
 .text.HAL_NVIC_SetPriority
                0x080003b0       0x70 CMakeFiles/FirstTest.elf.dir/Drivers/STM32F1xx_HAL_Driver/Src/stm32f1xx_hal_cortex.c.obj
                0x080003b0                HAL_NVIC_SetPriority
 .text.HAL_SYSTICK_Config
                0x08000420       0x28 CMakeFiles/FirstTest.elf.dir/Drivers/STM32F1xx_HAL_Driver/Src/stm32f1xx_hal_cortex.c.obj
                0x08000420                HAL_SYSTICK_Config
 .text.HAL_GPIO_WritePin
                0x08000448        0xc CMakeFiles/FirstTest.elf.dir/Drivers/STM32F1xx_HAL_Driver/Src/stm32f1xx_hal_gpio.c.obj
                0x08000448                HAL_GPIO_WritePin
 .text.RCC_Delay
                0x08000454       0x2c CMakeFiles/FirstTest.elf.dir/Drivers/STM32F1xx_HAL_Driver/Src/stm32f1xx_hal_rcc.c.obj
 .text.HAL_RCC_OscConfig
                0x08000480      0x410 CMakeFiles/FirstTest.elf.dir/Drivers/STM32F1xx_HAL_Driver/Src/stm32f1xx_hal_rcc.c.obj
                0x08000480                HAL_RCC_OscConfig
 .text.HAL_RCC_GetSysClockFreq
                0x08000890       0x70 CMakeFiles/FirstTest.elf.dir/Drivers/STM32F1xx_HAL_Driver/Src/stm32f1xx_hal_rcc.c.obj
                0x08000890                HAL_RCC_GetSysClockFreq
 .text.HAL_RCC_ClockConfig
                0x08000900      0x16c CMakeFiles/FirstTest.elf.dir/Drivers/STM32F1xx_HAL_Driver/Src/stm32f1xx_hal_rcc.c.obj
                0x08000900                HAL_RCC_ClockConfig
 .text.Reset_Handler
                0x08000a6c       0x48 CMakeFiles/FirstTest.elf.dir/startup/startup_stm32f103xe.s.obj
                0x08000a6c                Reset_Handler
 .text.Default_Handler
                0x08000ab4        0x2 CMakeFiles/FirstTest.elf.dir/startup/startup_stm32f103xe.s.obj
                0x08000ab4                RTC_Alarm_IRQHandler
                0x08000ab4                EXTI2_IRQHandler
                0x08000ab4                TIM8_TRG_COM_IRQHandler
                0x08000ab4                TIM8_CC_IRQHandler
                0x08000ab4                TIM1_CC_IRQHandler
                0x08000ab4                TIM6_IRQHandler
                0x08000ab4                PVD_IRQHandler
                0x08000ab4                SDIO_IRQHandler
                0x08000ab4                EXTI3_IRQHandler
                0x08000ab4                EXTI0_IRQHandler
                0x08000ab4                I2C2_EV_IRQHandler
                0x08000ab4                ADC1_2_IRQHandler
                0x08000ab4                SPI1_IRQHandler
                0x08000ab4                TAMPER_IRQHandler
                0x08000ab4                TIM8_UP_IRQHandler
                0x08000ab4                DMA2_Channel2_IRQHandler
                0x08000ab4                DMA1_Channel4_IRQHandler
                0x08000ab4                USART3_IRQHandler
                0x08000ab4                RTC_IRQHandler
                0x08000ab4                DMA1_Channel7_IRQHandler
                0x08000ab4                CAN1_RX1_IRQHandler
                0x08000ab4                UART5_IRQHandler
                0x08000ab4                ADC3_IRQHandler
                0x08000ab4                TIM4_IRQHandler
                0x08000ab4                DMA2_Channel1_IRQHandler
                0x08000ab4                I2C1_EV_IRQHandler
                0x08000ab4                DMA1_Channel6_IRQHandler
                0x08000ab4                UART4_IRQHandler
                0x08000ab4                TIM3_IRQHandler
                0x08000ab4                RCC_IRQHandler
                0x08000ab4                TIM1_TRG_COM_IRQHandler
                0x08000ab4                DMA1_Channel1_IRQHandler
                0x08000ab4                Default_Handler
                0x08000ab4                EXTI15_10_IRQHandler
                0x08000ab4                TIM7_IRQHandler
                0x08000ab4                TIM5_IRQHandler
                0x08000ab4                EXTI9_5_IRQHandler
                0x08000ab4                SPI2_IRQHandler
                0x08000ab4                DMA1_Channel5_IRQHandler
                0x08000ab4                EXTI4_IRQHandler
                0x08000ab4                USB_LP_CAN1_RX0_IRQHandler
                0x08000ab4                USB_HP_CAN1_TX_IRQHandler
                0x08000ab4                DMA1_Channel3_IRQHandler
                0x08000ab4                FSMC_IRQHandler
                0x08000ab4                TIM1_UP_IRQHandler
                0x08000ab4                WWDG_IRQHandler
                0x08000ab4                TIM2_IRQHandler
                0x08000ab4                TIM1_BRK_IRQHandler
                0x08000ab4                EXTI1_IRQHandler
                0x08000ab4                DMA2_Channel4_5_IRQHandler
                0x08000ab4                USART2_IRQHandler
                0x08000ab4                I2C2_ER_IRQHandler
                0x08000ab4                DMA1_Channel2_IRQHandler
                0x08000ab4                TIM8_BRK_IRQHandler
                0x08000ab4                CAN1_SCE_IRQHandler
                0x08000ab4                FLASH_IRQHandler
                0x08000ab4                USART1_IRQHandler
                0x08000ab4                SPI3_IRQHandler
                0x08000ab4                I2C1_ER_IRQHandler
                0x08000ab4                USBWakeUp_IRQHandler
                0x08000ab4                DMA2_Channel3_IRQHandler
 *fill*         0x08000ab6        0x2 
 .text.__libc_init_array
                0x08000ab8       0x48 c:/progra~2/gnuarm~1/102021~1.07/bin/../lib/gcc/arm-none-eabi/10.3.1/../../../../arm-none-eabi/lib/thumb/v7-m/nofp\libg.a(lib_a-init.o)
                0x08000ab8                __libc_init_array
 .text.memset   0x08000b00       0xa4 c:/progra~2/gnuarm~1/102021~1.07/bin/../lib/gcc/arm-none-eabi/10.3.1/../../../../arm-none-eabi/lib/thumb/v7-m/nofp\libg.a(lib_a-memset.o)
                0x08000b00                memset
 .text.startup.register_fini
                0x08000ba4       0x14 c:/progra~2/gnuarm~1/102021~1.07/bin/../lib/gcc/arm-none-eabi/10.3.1/../../../../arm-none-eabi/lib/thumb/v7-m/nofp\libg.a(lib_a-__call_atexit.o)
 .text.atexit   0x08000bb8        0xc c:/progra~2/gnuarm~1/102021~1.07/bin/../lib/gcc/arm-none-eabi/10.3.1/../../../../arm-none-eabi/lib/thumb/v7-m/nofp\libg.a(lib_a-atexit.o)
                0x08000bb8                atexit
 .text.__libc_fini_array
                0x08000bc4       0x2c c:/progra~2/gnuarm~1/102021~1.07/bin/../lib/gcc/arm-none-eabi/10.3.1/../../../../arm-none-eabi/lib/thumb/v7-m/nofp\libg.a(lib_a-fini.o)
                0x08000bc4                __libc_fini_array
 .text.__retarget_lock_acquire_recursive
                0x08000bf0        0x4 c:/progra~2/gnuarm~1/102021~1.07/bin/../lib/gcc/arm-none-eabi/10.3.1/../../../../arm-none-eabi/lib/thumb/v7-m/nofp\libg.a(lib_a-lock.o)
                0x08000bf0                __retarget_lock_acquire_recursive
 .text.__retarget_lock_release_recursive
                0x08000bf4        0x4 c:/progra~2/gnuarm~1/102021~1.07/bin/../lib/gcc/arm-none-eabi/10.3.1/../../../../arm-none-eabi/lib/thumb/v7-m/nofp\libg.a(lib_a-lock.o)
                0x08000bf4                __retarget_lock_release_recursive
 .text.__register_exitproc
                0x08000bf8       0x8c c:/progra~2/gnuarm~1/102021~1.07/bin/../lib/gcc/arm-none-eabi/10.3.1/../../../../arm-none-eabi/lib/thumb/v7-m/nofp\libg.a(lib_a-__atexit.o)
                0x08000bf8                __register_exitproc
 *(.glue_7)
 .glue_7        0x08000c84        0x0 linker stubs
 *(.glue_7t)
 .glue_7t       0x08000c84        0x0 linker stubs
 *(.eh_frame)
 .eh_frame      0x08000c84        0x0 c:/progra~2/gnuarm~1/102021~1.07/bin/../lib/gcc/arm-none-eabi/10.3.1/thumb/v7-m/nofp/crtbegin.o
 *(.init)
 .init          0x08000c84        0x4 c:/progra~2/gnuarm~1/102021~1.07/bin/../lib/gcc/arm-none-eabi/10.3.1/thumb/v7-m/nofp/crti.o
                0x08000c84                _init
 .init          0x08000c88        0x8 c:/progra~2/gnuarm~1/102021~1.07/bin/../lib/gcc/arm-none-eabi/10.3.1/thumb/v7-m/nofp/crtn.o
 *(.fini)
 .fini          0x08000c90        0x4 c:/progra~2/gnuarm~1/102021~1.07/bin/../lib/gcc/arm-none-eabi/10.3.1/thumb/v7-m/nofp/crti.o
                0x08000c90                _fini
 .fini          0x08000c94        0x8 c:/progra~2/gnuarm~1/102021~1.07/bin/../lib/gcc/arm-none-eabi/10.3.1/thumb/v7-m/nofp/crtn.o
                0x08000c9c                . = ALIGN (0x4)
                0x08000c9c                _etext = .

.vfp11_veneer   0x08000c9c        0x0
 .vfp11_veneer  0x08000c9c        0x0 linker stubs

.v4_bx          0x08000c9c        0x0
 .v4_bx         0x08000c9c        0x0 linker stubs

.iplt           0x08000c9c        0x0
 .iplt          0x08000c9c        0x0 c:/progra~2/gnuarm~1/102021~1.07/bin/../lib/gcc/arm-none-eabi/10.3.1/thumb/v7-m/nofp/crtbegin.o

.rodata         0x08000c9c       0x28
                0x08000c9c                . = ALIGN (0x4)
 *(.rodata)
 *(.rodata*)
 .rodata.AHBPrescTable
                0x08000c9c       0x10 CMakeFiles/FirstTest.elf.dir/Core/Src/system_stm32f1xx.c.obj
                0x08000c9c                AHBPrescTable
 .rodata.HAL_RCC_GetSysClockFreq.str1.4
                0x08000cac       0x11 CMakeFiles/FirstTest.elf.dir/Drivers/STM32F1xx_HAL_Driver/Src/stm32f1xx_hal_rcc.c.obj
 *fill*         0x08000cbd        0x3 
 .rodata._global_impure_ptr
                0x08000cc0        0x4 c:/progra~2/gnuarm~1/102021~1.07/bin/../lib/gcc/arm-none-eabi/10.3.1/../../../../arm-none-eabi/lib/thumb/v7-m/nofp\libg.a(lib_a-impure.o)
                0x08000cc0                _global_impure_ptr
                0x08000cc4                . = ALIGN (0x4)

.rel.dyn        0x08000cc4        0x0
 .rel.iplt      0x08000cc4        0x0 c:/progra~2/gnuarm~1/102021~1.07/bin/../lib/gcc/arm-none-eabi/10.3.1/thumb/v7-m/nofp/crtbegin.o

.ARM.extab
 *(.ARM.extab* .gnu.linkonce.armextab.*)

.ARM            0x08000cc4        0x0
                0x08000cc4                __exidx_start = .
 *(.ARM.exidx*)
                0x08000cc4                __exidx_end = .

.preinit_array  0x08000cc4        0x0
                0x08000cc4                PROVIDE (__preinit_array_start = .)
 *(.preinit_array*)
                0x08000cc4                PROVIDE (__preinit_array_end = .)

.init_array     0x08000cc4        0x8
                0x08000cc4                PROVIDE (__init_array_start = .)
 *(SORT_BY_NAME(.init_array.*))
 .init_array.00000
                0x08000cc4        0x4 c:/progra~2/gnuarm~1/102021~1.07/bin/../lib/gcc/arm-none-eabi/10.3.1/../../../../arm-none-eabi/lib/thumb/v7-m/nofp\libg.a(lib_a-__call_atexit.o)
 *(.init_array*)
 .init_array    0x08000cc8        0x4 c:/progra~2/gnuarm~1/102021~1.07/bin/../lib/gcc/arm-none-eabi/10.3.1/thumb/v7-m/nofp/crtbegin.o
                0x08000ccc                PROVIDE (__init_array_end = .)

.fini_array     0x08000ccc        0x4
                0x08000ccc                PROVIDE (__fini_array_start = .)
 *(SORT_BY_NAME(.fini_array.*))
 *(.fini_array*)
 .fini_array    0x08000ccc        0x4 c:/progra~2/gnuarm~1/102021~1.07/bin/../lib/gcc/arm-none-eabi/10.3.1/thumb/v7-m/nofp/crtbegin.o
                0x08000cd0                PROVIDE (__fini_array_end = .)
                0x08000cd0                _sidata = LOADADDR (.data)

.data           0x20000000      0x43c load address 0x08000cd0
                0x20000000                . = ALIGN (0x4)
                0x20000000                _sdata = .
 *(.data)
 *(.data*)
 .data.SystemCoreClock
                0x20000000        0x4 CMakeFiles/FirstTest.elf.dir/Core/Src/system_stm32f1xx.c.obj
                0x20000000                SystemCoreClock
 .data.uwTickFreq
                0x20000004        0x1 CMakeFiles/FirstTest.elf.dir/Drivers/STM32F1xx_HAL_Driver/Src/stm32f1xx_hal.c.obj
                0x20000004                uwTickFreq
 *fill*         0x20000005        0x3 
 .data.uwTickPrio
                0x20000008        0x4 CMakeFiles/FirstTest.elf.dir/Drivers/STM32F1xx_HAL_Driver/Src/stm32f1xx_hal.c.obj
                0x20000008                uwTickPrio
 *fill*         0x2000000c        0x4 
 .data.impure_data
                0x20000010      0x428 c:/progra~2/gnuarm~1/102021~1.07/bin/../lib/gcc/arm-none-eabi/10.3.1/../../../../arm-none-eabi/lib/thumb/v7-m/nofp\libg.a(lib_a-impure.o)
 .data.__atexit_recursive_mutex
                0x20000438        0x4 c:/progra~2/gnuarm~1/102021~1.07/bin/../lib/gcc/arm-none-eabi/10.3.1/../../../../arm-none-eabi/lib/thumb/v7-m/nofp\libg.a(lib_a-__call_atexit.o)
                0x20000438                __atexit_recursive_mutex
                0x2000043c                . = ALIGN (0x4)
                0x2000043c                _edata = .

.igot.plt       0x2000043c        0x0 load address 0x0800110c
 .igot.plt      0x2000043c        0x0 c:/progra~2/gnuarm~1/102021~1.07/bin/../lib/gcc/arm-none-eabi/10.3.1/thumb/v7-m/nofp/crtbegin.o
                0x2000043c                . = ALIGN (0x4)

.bss            0x2000043c       0x24 load address 0x0800110c
                0x2000043c                _sbss = .
                0x2000043c                __bss_start__ = _sbss
 *(.bss)
 .bss           0x2000043c       0x1c c:/progra~2/gnuarm~1/102021~1.07/bin/../lib/gcc/arm-none-eabi/10.3.1/thumb/v7-m/nofp/crtbegin.o
 *(.bss*)
 .bss.uwTick    0x20000458        0x4 CMakeFiles/FirstTest.elf.dir/Drivers/STM32F1xx_HAL_Driver/Src/stm32f1xx_hal.c.obj
                0x20000458                uwTick
 .bss.__lock___atexit_recursive_mutex
                0x2000045c        0x1 c:/progra~2/gnuarm~1/102021~1.07/bin/../lib/gcc/arm-none-eabi/10.3.1/../../../../arm-none-eabi/lib/thumb/v7-m/nofp\libg.a(lib_a-lock.o)
                0x2000045c                __lock___atexit_recursive_mutex
 *(COMMON)
                0x20000460                . = ALIGN (0x4)
 *fill*         0x2000045d        0x3 
                0x20000460                _ebss = .
                0x20000460                __bss_end__ = _ebss

._user_heap_stack
                0x20000460      0x600 load address 0x0800110c
                0x20000460                . = ALIGN (0x8)
                0x20000460                PROVIDE (end = .)
                [!provide]                PROVIDE (_end = .)
                0x20000660                . = (. + _Min_Heap_Size)
 *fill*         0x20000460      0x200 
                0x20000a60                . = (. + _Min_Stack_Size)
 *fill*         0x20000660      0x400 
                0x20000a60                . = ALIGN (0x8)

/DISCARD/
 libc.a(*)
 libm.a(*)
 libgcc.a(*)

.ARM.attributes
                0x00000000       0x29
 *(.ARM.attributes)
 .ARM.attributes
                0x00000000       0x1d c:/progra~2/gnuarm~1/102021~1.07/bin/../lib/gcc/arm-none-eabi/10.3.1/thumb/v7-m/nofp/crti.o
 .ARM.attributes
                0x0000001d       0x2d c:/progra~2/gnuarm~1/102021~1.07/bin/../lib/gcc/arm-none-eabi/10.3.1/thumb/v7-m/nofp/crtbegin.o
 .ARM.attributes
                0x0000004a       0x2d CMakeFiles/FirstTest.elf.dir/Core/Src/main.c.obj
 .ARM.attributes
                0x00000077       0x2d CMakeFiles/FirstTest.elf.dir/Core/Src/stm32f1xx_hal_msp.c.obj
 .ARM.attributes
                0x000000a4       0x2d CMakeFiles/FirstTest.elf.dir/Core/Src/stm32f1xx_it.c.obj
 .ARM.attributes
                0x000000d1       0x2d CMakeFiles/FirstTest.elf.dir/Core/Src/system_stm32f1xx.c.obj
 .ARM.attributes
                0x000000fe       0x2d CMakeFiles/FirstTest.elf.dir/Drivers/STM32F1xx_HAL_Driver/Src/stm32f1xx_hal.c.obj
 .ARM.attributes
                0x0000012b       0x2d CMakeFiles/FirstTest.elf.dir/Drivers/STM32F1xx_HAL_Driver/Src/stm32f1xx_hal_cortex.c.obj
 .ARM.attributes
                0x00000158       0x2d CMakeFiles/FirstTest.elf.dir/Drivers/STM32F1xx_HAL_Driver/Src/stm32f1xx_hal_gpio.c.obj
 .ARM.attributes
                0x00000185       0x2d CMakeFiles/FirstTest.elf.dir/Drivers/STM32F1xx_HAL_Driver/Src/stm32f1xx_hal_rcc.c.obj
 .ARM.attributes
                0x000001b2       0x21 CMakeFiles/FirstTest.elf.dir/startup/startup_stm32f103xe.s.obj
 .ARM.attributes
                0x000001d3       0x2d c:/progra~2/gnuarm~1/102021~1.07/bin/../lib/gcc/arm-none-eabi/10.3.1/../../../../arm-none-eabi/lib/thumb/v7-m/nofp\libg.a(lib_a-impure.o)
 .ARM.attributes
                0x00000200       0x2d c:/progra~2/gnuarm~1/102021~1.07/bin/../lib/gcc/arm-none-eabi/10.3.1/../../../../arm-none-eabi/lib/thumb/v7-m/nofp\libg.a(lib_a-init.o)
 .ARM.attributes
                0x0000022d       0x2d c:/progra~2/gnuarm~1/102021~1.07/bin/../lib/gcc/arm-none-eabi/10.3.1/../../../../arm-none-eabi/lib/thumb/v7-m/nofp\libg.a(lib_a-memset.o)
 .ARM.attributes
                0x0000025a       0x2d c:/progra~2/gnuarm~1/102021~1.07/bin/../lib/gcc/arm-none-eabi/10.3.1/../../../../arm-none-eabi/lib/thumb/v7-m/nofp\libg.a(lib_a-__call_atexit.o)
 .ARM.attributes
                0x00000287       0x2d c:/progra~2/gnuarm~1/102021~1.07/bin/../lib/gcc/arm-none-eabi/10.3.1/../../../../arm-none-eabi/lib/thumb/v7-m/nofp\libg.a(lib_a-atexit.o)
 .ARM.attributes
                0x000002b4       0x2d c:/progra~2/gnuarm~1/102021~1.07/bin/../lib/gcc/arm-none-eabi/10.3.1/../../../../arm-none-eabi/lib/thumb/v7-m/nofp\libg.a(lib_a-fini.o)
 .ARM.attributes
                0x000002e1       0x2d c:/progra~2/gnuarm~1/102021~1.07/bin/../lib/gcc/arm-none-eabi/10.3.1/../../../../arm-none-eabi/lib/thumb/v7-m/nofp\libg.a(lib_a-lock.o)
 .ARM.attributes
                0x0000030e       0x2d c:/progra~2/gnuarm~1/102021~1.07/bin/../lib/gcc/arm-none-eabi/10.3.1/../../../../arm-none-eabi/lib/thumb/v7-m/nofp\libg.a(lib_a-__atexit.o)
 .ARM.attributes
                0x0000033b       0x1d c:/progra~2/gnuarm~1/102021~1.07/bin/../lib/gcc/arm-none-eabi/10.3.1/thumb/v7-m/nofp/crtn.o
OUTPUT(FirstTest.elf elf32-littlearm)
LOAD linker stubs
LOAD c:/progra~2/gnuarm~1/102021~1.07/bin/../lib/gcc/arm-none-eabi/10.3.1/../../../../arm-none-eabi/lib/thumb/v7-m/nofp\libc.a
LOAD c:/progra~2/gnuarm~1/102021~1.07/bin/../lib/gcc/arm-none-eabi/10.3.1/../../../../arm-none-eabi/lib/thumb/v7-m/nofp\libm.a
LOAD c:/progra~2/gnuarm~1/102021~1.07/bin/../lib/gcc/arm-none-eabi/10.3.1/thumb/v7-m/nofp\libgcc.a

.debug_info     0x00000000     0x302e
 .debug_info    0x00000000      0x3e0 CMakeFiles/FirstTest.elf.dir/Core/Src/main.c.obj
 .debug_info    0x000003e0      0x211 CMakeFiles/FirstTest.elf.dir/Core/Src/stm32f1xx_hal_msp.c.obj
 .debug_info    0x000005f1      0x130 CMakeFiles/FirstTest.elf.dir/Core/Src/stm32f1xx_it.c.obj
 .debug_info    0x00000721      0x248 CMakeFiles/FirstTest.elf.dir/Core/Src/system_stm32f1xx.c.obj
 .debug_info    0x00000969      0x80e CMakeFiles/FirstTest.elf.dir/Drivers/STM32F1xx_HAL_Driver/Src/stm32f1xx_hal.c.obj
 .debug_info    0x00001177      0xdf0 CMakeFiles/FirstTest.elf.dir/Drivers/STM32F1xx_HAL_Driver/Src/stm32f1xx_hal_cortex.c.obj
 .debug_info    0x00001f67      0x66f CMakeFiles/FirstTest.elf.dir/Drivers/STM32F1xx_HAL_Driver/Src/stm32f1xx_hal_gpio.c.obj
 .debug_info    0x000025d6      0xa36 CMakeFiles/FirstTest.elf.dir/Drivers/STM32F1xx_HAL_Driver/Src/stm32f1xx_hal_rcc.c.obj
 .debug_info    0x0000300c       0x22 CMakeFiles/FirstTest.elf.dir/startup/startup_stm32f103xe.s.obj

.debug_abbrev   0x00000000      0xde5
 .debug_abbrev  0x00000000      0x19d CMakeFiles/FirstTest.elf.dir/Core/Src/main.c.obj
 .debug_abbrev  0x0000019d       0xe5 CMakeFiles/FirstTest.elf.dir/Core/Src/stm32f1xx_hal_msp.c.obj
 .debug_abbrev  0x00000282       0x7e CMakeFiles/FirstTest.elf.dir/Core/Src/stm32f1xx_it.c.obj
 .debug_abbrev  0x00000300      0x13e CMakeFiles/FirstTest.elf.dir/Core/Src/system_stm32f1xx.c.obj
 .debug_abbrev  0x0000043e      0x1f4 CMakeFiles/FirstTest.elf.dir/Drivers/STM32F1xx_HAL_Driver/Src/stm32f1xx_hal.c.obj
 .debug_abbrev  0x00000632      0x341 CMakeFiles/FirstTest.elf.dir/Drivers/STM32F1xx_HAL_Driver/Src/stm32f1xx_hal_cortex.c.obj
 .debug_abbrev  0x00000973      0x1e6 CMakeFiles/FirstTest.elf.dir/Drivers/STM32F1xx_HAL_Driver/Src/stm32f1xx_hal_gpio.c.obj
 .debug_abbrev  0x00000b59      0x27a CMakeFiles/FirstTest.elf.dir/Drivers/STM32F1xx_HAL_Driver/Src/stm32f1xx_hal_rcc.c.obj
 .debug_abbrev  0x00000dd3       0x12 CMakeFiles/FirstTest.elf.dir/startup/startup_stm32f103xe.s.obj

.debug_loc      0x00000000     0x1453
 .debug_loc     0x00000000       0x24 CMakeFiles/FirstTest.elf.dir/Core/Src/main.c.obj
 .debug_loc     0x00000024       0x15 CMakeFiles/FirstTest.elf.dir/Core/Src/stm32f1xx_hal_msp.c.obj
 .debug_loc     0x00000039       0xff CMakeFiles/FirstTest.elf.dir/Core/Src/system_stm32f1xx.c.obj
 .debug_loc     0x00000138      0x141 CMakeFiles/FirstTest.elf.dir/Drivers/STM32F1xx_HAL_Driver/Src/stm32f1xx_hal.c.obj
 .debug_loc     0x00000279      0x71f CMakeFiles/FirstTest.elf.dir/Drivers/STM32F1xx_HAL_Driver/Src/stm32f1xx_hal_cortex.c.obj
 .debug_loc     0x00000998      0x47d CMakeFiles/FirstTest.elf.dir/Drivers/STM32F1xx_HAL_Driver/Src/stm32f1xx_hal_gpio.c.obj
 .debug_loc     0x00000e15      0x63e CMakeFiles/FirstTest.elf.dir/Drivers/STM32F1xx_HAL_Driver/Src/stm32f1xx_hal_rcc.c.obj

.debug_aranges  0x00000000      0x358
 .debug_aranges
                0x00000000       0x30 CMakeFiles/FirstTest.elf.dir/Core/Src/main.c.obj
 .debug_aranges
                0x00000030       0x20 CMakeFiles/FirstTest.elf.dir/Core/Src/stm32f1xx_hal_msp.c.obj
 .debug_aranges
                0x00000050       0x60 CMakeFiles/FirstTest.elf.dir/Core/Src/stm32f1xx_it.c.obj
 .debug_aranges
                0x000000b0       0x28 CMakeFiles/FirstTest.elf.dir/Core/Src/system_stm32f1xx.c.obj
 .debug_aranges
                0x000000d8       0xe0 CMakeFiles/FirstTest.elf.dir/Drivers/STM32F1xx_HAL_Driver/Src/stm32f1xx_hal.c.obj
 .debug_aranges
                0x000001b8       0x90 CMakeFiles/FirstTest.elf.dir/Drivers/STM32F1xx_HAL_Driver/Src/stm32f1xx_hal_cortex.c.obj
 .debug_aranges
                0x00000248       0x58 CMakeFiles/FirstTest.elf.dir/Drivers/STM32F1xx_HAL_Driver/Src/stm32f1xx_hal_gpio.c.obj
 .debug_aranges
                0x000002a0       0x90 CMakeFiles/FirstTest.elf.dir/Drivers/STM32F1xx_HAL_Driver/Src/stm32f1xx_hal_rcc.c.obj
 .debug_aranges
                0x00000330       0x28 CMakeFiles/FirstTest.elf.dir/startup/startup_stm32f103xe.s.obj

.debug_ranges   0x00000000      0x350
 .debug_ranges  0x00000000       0x20 CMakeFiles/FirstTest.elf.dir/Core/Src/main.c.obj
 .debug_ranges  0x00000020       0x10 CMakeFiles/FirstTest.elf.dir/Core/Src/stm32f1xx_hal_msp.c.obj
 .debug_ranges  0x00000030       0x50 CMakeFiles/FirstTest.elf.dir/Core/Src/stm32f1xx_it.c.obj
 .debug_ranges  0x00000080       0x18 CMakeFiles/FirstTest.elf.dir/Core/Src/system_stm32f1xx.c.obj
 .debug_ranges  0x00000098       0xd0 CMakeFiles/FirstTest.elf.dir/Drivers/STM32F1xx_HAL_Driver/Src/stm32f1xx_hal.c.obj
 .debug_ranges  0x00000168       0xe0 CMakeFiles/FirstTest.elf.dir/Drivers/STM32F1xx_HAL_Driver/Src/stm32f1xx_hal_cortex.c.obj
 .debug_ranges  0x00000248       0x48 CMakeFiles/FirstTest.elf.dir/Drivers/STM32F1xx_HAL_Driver/Src/stm32f1xx_hal_gpio.c.obj
 .debug_ranges  0x00000290       0xa0 CMakeFiles/FirstTest.elf.dir/Drivers/STM32F1xx_HAL_Driver/Src/stm32f1xx_hal_rcc.c.obj
 .debug_ranges  0x00000330       0x20 CMakeFiles/FirstTest.elf.dir/startup/startup_stm32f103xe.s.obj

.debug_line     0x00000000     0x289c
 .debug_line    0x00000000      0x357 CMakeFiles/FirstTest.elf.dir/Core/Src/main.c.obj
 .debug_line    0x00000357      0x197 CMakeFiles/FirstTest.elf.dir/Core/Src/stm32f1xx_hal_msp.c.obj
 .debug_line    0x000004ee      0x1d1 CMakeFiles/FirstTest.elf.dir/Core/Src/stm32f1xx_it.c.obj
 .debug_line    0x000006bf      0x260 CMakeFiles/FirstTest.elf.dir/Core/Src/system_stm32f1xx.c.obj
 .debug_line    0x0000091f      0x5a2 CMakeFiles/FirstTest.elf.dir/Drivers/STM32F1xx_HAL_Driver/Src/stm32f1xx_hal.c.obj
 .debug_line    0x00000ec1      0x680 CMakeFiles/FirstTest.elf.dir/Drivers/STM32F1xx_HAL_Driver/Src/stm32f1xx_hal_cortex.c.obj
 .debug_line    0x00001541      0x63e CMakeFiles/FirstTest.elf.dir/Drivers/STM32F1xx_HAL_Driver/Src/stm32f1xx_hal_gpio.c.obj
 .debug_line    0x00001b7f      0xc73 CMakeFiles/FirstTest.elf.dir/Drivers/STM32F1xx_HAL_Driver/Src/stm32f1xx_hal_rcc.c.obj
 .debug_line    0x000027f2       0xaa CMakeFiles/FirstTest.elf.dir/startup/startup_stm32f103xe.s.obj

.debug_str      0x00000000     0x14e8
 .debug_str     0x00000000      0x3a1 CMakeFiles/FirstTest.elf.dir/Core/Src/main.c.obj
                                0x3ee (size before relaxing)
 .debug_str     0x000003a1       0xca CMakeFiles/FirstTest.elf.dir/Core/Src/stm32f1xx_hal_msp.c.obj
                                0x271 (size before relaxing)
 .debug_str     0x0000046b       0xe1 CMakeFiles/FirstTest.elf.dir/Core/Src/stm32f1xx_it.c.obj
                                0x274 (size before relaxing)
 .debug_str     0x0000054c       0xb2 CMakeFiles/FirstTest.elf.dir/Core/Src/system_stm32f1xx.c.obj
                                0x2a6 (size before relaxing)
 .debug_str     0x000005fe      0x706 CMakeFiles/FirstTest.elf.dir/Drivers/STM32F1xx_HAL_Driver/Src/stm32f1xx_hal.c.obj
                                0x95a (size before relaxing)
 .debug_str     0x00000d04      0x3ef CMakeFiles/FirstTest.elf.dir/Drivers/STM32F1xx_HAL_Driver/Src/stm32f1xx_hal_cortex.c.obj
                                0xa09 (size before relaxing)
 .debug_str     0x000010f3      0x17e CMakeFiles/FirstTest.elf.dir/Drivers/STM32F1xx_HAL_Driver/Src/stm32f1xx_hal_gpio.c.obj
                                0x452 (size before relaxing)
 .debug_str     0x00001271      0x21e CMakeFiles/FirstTest.elf.dir/Drivers/STM32F1xx_HAL_Driver/Src/stm32f1xx_hal_rcc.c.obj
                                0x67d (size before relaxing)
 .debug_str     0x0000148f       0x59 CMakeFiles/FirstTest.elf.dir/startup/startup_stm32f103xe.s.obj
                                 0x98 (size before relaxing)

.comment        0x00000000       0x49
 .comment       0x00000000       0x49 CMakeFiles/FirstTest.elf.dir/Core/Src/main.c.obj
                                 0x4a (size before relaxing)
 .comment       0x00000049       0x4a CMakeFiles/FirstTest.elf.dir/Core/Src/stm32f1xx_hal_msp.c.obj
 .comment       0x00000049       0x4a CMakeFiles/FirstTest.elf.dir/Core/Src/stm32f1xx_it.c.obj
 .comment       0x00000049       0x4a CMakeFiles/FirstTest.elf.dir/Core/Src/system_stm32f1xx.c.obj
 .comment       0x00000049       0x4a CMakeFiles/FirstTest.elf.dir/Drivers/STM32F1xx_HAL_Driver/Src/stm32f1xx_hal.c.obj
 .comment       0x00000049       0x4a CMakeFiles/FirstTest.elf.dir/Drivers/STM32F1xx_HAL_Driver/Src/stm32f1xx_hal_cortex.c.obj
 .comment       0x00000049       0x4a CMakeFiles/FirstTest.elf.dir/Drivers/STM32F1xx_HAL_Driver/Src/stm32f1xx_hal_gpio.c.obj
 .comment       0x00000049       0x4a CMakeFiles/FirstTest.elf.dir/Drivers/STM32F1xx_HAL_Driver/Src/stm32f1xx_hal_rcc.c.obj

.debug_frame    0x00000000      0x89c
 .debug_frame   0x00000000       0x58 CMakeFiles/FirstTest.elf.dir/Core/Src/main.c.obj
 .debug_frame   0x00000058       0x28 CMakeFiles/FirstTest.elf.dir/Core/Src/stm32f1xx_hal_msp.c.obj
 .debug_frame   0x00000080       0xa8 CMakeFiles/FirstTest.elf.dir/Core/Src/stm32f1xx_it.c.obj
 .debug_frame   0x00000128       0x30 CMakeFiles/FirstTest.elf.dir/Core/Src/system_stm32f1xx.c.obj
 .debug_frame   0x00000158      0x1cc CMakeFiles/FirstTest.elf.dir/Drivers/STM32F1xx_HAL_Driver/Src/stm32f1xx_hal.c.obj
 .debug_frame   0x00000324      0x118 CMakeFiles/FirstTest.elf.dir/Drivers/STM32F1xx_HAL_Driver/Src/stm32f1xx_hal_cortex.c.obj
 .debug_frame   0x0000043c       0xe4 CMakeFiles/FirstTest.elf.dir/Drivers/STM32F1xx_HAL_Driver/Src/stm32f1xx_hal_gpio.c.obj
 .debug_frame   0x00000520      0x190 CMakeFiles/FirstTest.elf.dir/Drivers/STM32F1xx_HAL_Driver/Src/stm32f1xx_hal_rcc.c.obj
 .debug_frame   0x000006b0       0x2c c:/progra~2/gnuarm~1/102021~1.07/bin/../lib/gcc/arm-none-eabi/10.3.1/../../../../arm-none-eabi/lib/thumb/v7-m/nofp\libg.a(lib_a-init.o)
 .debug_frame   0x000006dc       0x2c c:/progra~2/gnuarm~1/102021~1.07/bin/../lib/gcc/arm-none-eabi/10.3.1/../../../../arm-none-eabi/lib/thumb/v7-m/nofp\libg.a(lib_a-memset.o)
 .debug_frame   0x00000708       0x5c c:/progra~2/gnuarm~1/102021~1.07/bin/../lib/gcc/arm-none-eabi/10.3.1/../../../../arm-none-eabi/lib/thumb/v7-m/nofp\libg.a(lib_a-__call_atexit.o)
 .debug_frame   0x00000764       0x20 c:/progra~2/gnuarm~1/102021~1.07/bin/../lib/gcc/arm-none-eabi/10.3.1/../../../../arm-none-eabi/lib/thumb/v7-m/nofp\libg.a(lib_a-atexit.o)
 .debug_frame   0x00000784       0x34 c:/progra~2/gnuarm~1/102021~1.07/bin/../lib/gcc/arm-none-eabi/10.3.1/../../../../arm-none-eabi/lib/thumb/v7-m/nofp\libg.a(lib_a-fini.o)
 .debug_frame   0x000007b8       0xb0 c:/progra~2/gnuarm~1/102021~1.07/bin/../lib/gcc/arm-none-eabi/10.3.1/../../../../arm-none-eabi/lib/thumb/v7-m/nofp\libg.a(lib_a-lock.o)
 .debug_frame   0x00000868       0x34 c:/progra~2/gnuarm~1/102021~1.07/bin/../lib/gcc/arm-none-eabi/10.3.1/../../../../arm-none-eabi/lib/thumb/v7-m/nofp\libg.a(lib_a-__atexit.o)
